Archive member included to satisfy reference by file (symbol)

d:/diplomado_embebidos/tareas/modulo_2/s32 design studio/s32ds/build_tools/gcc_v6.3/gcc-6.3-arm32-eabi/bin/../lib/gcc/arm-none-eabi/6.3.1/thumb/v7e-m/fpv4-sp/hard\libgcc.a(_aeabi_uldivmod.o)
                              ./SDK/rtos/osif/osif_freertos.o (__aeabi_uldivmod)
d:/diplomado_embebidos/tareas/modulo_2/s32 design studio/s32ds/build_tools/gcc_v6.3/gcc-6.3-arm32-eabi/bin/../lib/gcc/arm-none-eabi/6.3.1/thumb/v7e-m/fpv4-sp/hard\libgcc.a(_udivmoddi4.o)
                              d:/diplomado_embebidos/tareas/modulo_2/s32 design studio/s32ds/build_tools/gcc_v6.3/gcc-6.3-arm32-eabi/bin/../lib/gcc/arm-none-eabi/6.3.1/thumb/v7e-m/fpv4-sp/hard\libgcc.a(_aeabi_uldivmod.o) (__udivmoddi4)
d:/diplomado_embebidos/tareas/modulo_2/s32 design studio/s32ds/build_tools/gcc_v6.3/gcc-6.3-arm32-eabi/bin/../lib/gcc/arm-none-eabi/6.3.1/thumb/v7e-m/fpv4-sp/hard\libgcc.a(_dvmd_tls.o)
                              d:/diplomado_embebidos/tareas/modulo_2/s32 design studio/s32ds/build_tools/gcc_v6.3/gcc-6.3-arm32-eabi/bin/../lib/gcc/arm-none-eabi/6.3.1/thumb/v7e-m/fpv4-sp/hard\libgcc.a(_aeabi_uldivmod.o) (__aeabi_ldiv0)
D:/DIPLOMADO_EMBEBIDOS/TAREAS/MODULO_2/S32 Design Studio/S32DS/build_tools/gcc_b1620/gcc-6.3-arm32-eabi/arm-none-eabi/newlib/lib/thumb/v7e-m/fpv4-sp/hard\libc_nano.a(lib_a-exit.o)
                              D:/DIPLOMADO_EMBEBIDOS/TAREAS/MODULO_2/S32 Design Studio/S32DS/build_tools/gcc_b1620/gcc-6.3-arm32-eabi/arm-none-eabi/newlib/lib/thumb/v7e-m/fpv4-sp/hard/crt0.o (exit)
D:/DIPLOMADO_EMBEBIDOS/TAREAS/MODULO_2/S32 Design Studio/S32DS/build_tools/gcc_b1620/gcc-6.3-arm32-eabi/arm-none-eabi/newlib/lib/thumb/v7e-m/fpv4-sp/hard\libc_nano.a(lib_a-impure.o)
                              D:/DIPLOMADO_EMBEBIDOS/TAREAS/MODULO_2/S32 Design Studio/S32DS/build_tools/gcc_b1620/gcc-6.3-arm32-eabi/arm-none-eabi/newlib/lib/thumb/v7e-m/fpv4-sp/hard\libc_nano.a(lib_a-exit.o) (_global_impure_ptr)
D:/DIPLOMADO_EMBEBIDOS/TAREAS/MODULO_2/S32 Design Studio/S32DS/build_tools/gcc_b1620/gcc-6.3-arm32-eabi/arm-none-eabi/newlib/lib/thumb/v7e-m/fpv4-sp/hard\libc_nano.a(lib_a-init.o)
                              D:/DIPLOMADO_EMBEBIDOS/TAREAS/MODULO_2/S32 Design Studio/S32DS/build_tools/gcc_b1620/gcc-6.3-arm32-eabi/arm-none-eabi/newlib/lib/thumb/v7e-m/fpv4-sp/hard/crt0.o (__libc_init_array)
D:/DIPLOMADO_EMBEBIDOS/TAREAS/MODULO_2/S32 Design Studio/S32DS/build_tools/gcc_b1620/gcc-6.3-arm32-eabi/arm-none-eabi/newlib/lib/thumb/v7e-m/fpv4-sp/hard\libc_nano.a(lib_a-memcpy-stub.o)
                              ./SDK/rtos/FreeRTOS/Source/queue.o (memcpy)
D:/DIPLOMADO_EMBEBIDOS/TAREAS/MODULO_2/S32 Design Studio/S32DS/build_tools/gcc_b1620/gcc-6.3-arm32-eabi/arm-none-eabi/newlib/lib/thumb/v7e-m/fpv4-sp/hard\libc_nano.a(lib_a-memset.o)
                              D:/DIPLOMADO_EMBEBIDOS/TAREAS/MODULO_2/S32 Design Studio/S32DS/build_tools/gcc_b1620/gcc-6.3-arm32-eabi/arm-none-eabi/newlib/lib/thumb/v7e-m/fpv4-sp/hard/crt0.o (memset)
D:/DIPLOMADO_EMBEBIDOS/TAREAS/MODULO_2/S32 Design Studio/S32DS/build_tools/gcc_b1620/gcc-6.3-arm32-eabi/arm-none-eabi/newlib/lib/thumb/v7e-m/fpv4-sp/hard\libc_nano.a(lib_a-strlen.o)
                              ./SDK/rtos/FreeRTOS/Source/tasks.o (strlen)
D:/DIPLOMADO_EMBEBIDOS/TAREAS/MODULO_2/S32 Design Studio/S32DS/build_tools/gcc_b1620/gcc-6.3-arm32-eabi/arm-none-eabi/newlib/lib/thumb/v7e-m/fpv4-sp/hard\libnosys.a(_exit.o)
                              D:/DIPLOMADO_EMBEBIDOS/TAREAS/MODULO_2/S32 Design Studio/S32DS/build_tools/gcc_b1620/gcc-6.3-arm32-eabi/arm-none-eabi/newlib/lib/thumb/v7e-m/fpv4-sp/hard\libc_nano.a(lib_a-exit.o) (_exit)

Allocating common symbols
Common symbol       size              file

g_xtal0ClkFreq      0x4               ./SDK/platform/drivers/src/clock/S32K1xx/clock_S32K1xx.o
xQueueRegistry      0x40              ./SDK/rtos/FreeRTOS/Source/queue.o
g_RtcClkInFreq      0x4               ./SDK/platform/drivers/src/clock/S32K1xx/clock_S32K1xx.o
g_TClkFreq          0xc               ./SDK/platform/drivers/src/clock/S32K1xx/clock_S32K1xx.o
adc_pal_1_results0  0x2               ./board/peripherals_adc_pal_1.o

Discarded input sections

 .text          0x00000000        0x0 d:/diplomado_embebidos/tareas/modulo_2/s32 design studio/s32ds/build_tools/gcc_v6.3/gcc-6.3-arm32-eabi/bin/../lib/gcc/arm-none-eabi/6.3.1/thumb/v7e-m/fpv4-sp/hard/crti.o
 .data          0x00000000        0x0 d:/diplomado_embebidos/tareas/modulo_2/s32 design studio/s32ds/build_tools/gcc_v6.3/gcc-6.3-arm32-eabi/bin/../lib/gcc/arm-none-eabi/6.3.1/thumb/v7e-m/fpv4-sp/hard/crti.o
 .bss           0x00000000        0x0 d:/diplomado_embebidos/tareas/modulo_2/s32 design studio/s32ds/build_tools/gcc_v6.3/gcc-6.3-arm32-eabi/bin/../lib/gcc/arm-none-eabi/6.3.1/thumb/v7e-m/fpv4-sp/hard/crti.o
[...]
Memory Configuration

Name             Origin             Length             Attributes
m_interrupts     0x00000000         0x00000400         xr
m_flash_config   0x00000400         0x00000010         xr
m_text           0x00000410         0x0007fbf0         xr
m_data           0x1fff8000         0x00008000         rw
m_data_2         0x20000000         0x00007000         rw
*default*        0x00000000         0xffffffff

Linker script and memory map

LOAD d:/diplomado_embebidos/tareas/modulo_2/s32 design studio/s32ds/build_tools/gcc_v6.3/gcc-6.3-arm32-eabi/bin/../lib/gcc/arm-none-eabi/6.3.1/thumb/v7e-m/fpv4-sp/hard/crti.o
LOAD d:/diplomado_embebidos/tareas/modulo_2/s32 design studio/s32ds/build_tools/gcc_v6.3/gcc-6.3-arm32-eabi/bin/../lib/gcc/arm-none-eabi/6.3.1/thumb/v7e-m/fpv4-sp/hard/crtbegin.o
LOAD D:/DIPLOMADO_EMBEBIDOS/TAREAS/MODULO_2/S32 Design Studio/S32DS/build_tools/gcc_b1620/gcc-6.3-arm32-eabi/arm-none-eabi/newlib/lib/thumb/v7e-m/fpv4-sp/hard/crt0.o
LOAD ./Project_Settings/Startup_Code/startup_S32K144.o
LOAD ./SDK/platform/devices/S32K144/startup/system_S32K144.o
LOAD ./SDK/platform/devices/startup.o
LOAD ./SDK/platform/drivers/src/adc/adc_driver.o
LOAD ./SDK/platform/drivers/src/clock/S32K1xx/clock_S32K1xx.o
LOAD ./SDK/platform/drivers/src/interrupt/interrupt_manager.o
LOAD ./SDK/platform/drivers/src/pdb/pdb_driver.o
LOAD ./SDK/platform/drivers/src/pdb/pdb_hw_access.o
LOAD ./SDK/platform/drivers/src/pins/pins_driver.o
LOAD ./SDK/platform/drivers/src/pins/pins_port_hw_access.o
LOAD ./SDK/platform/drivers/src/trgmux/trgmux_driver.o
LOAD ./SDK/platform/drivers/src/trgmux/trgmux_hw_access.o
LOAD ./SDK/platform/pal/src/adc/adc_irq.o
LOAD ./SDK/platform/pal/src/adc/adc_pal.o
LOAD ./SDK/rtos/FreeRTOS/Source/croutine.o
LOAD ./SDK/rtos/FreeRTOS/Source/event_groups.o
LOAD ./SDK/rtos/FreeRTOS/Source/list.o
LOAD ./SDK/rtos/FreeRTOS/Source/queue.o
LOAD ./SDK/rtos/FreeRTOS/Source/stream_buffer.o
LOAD ./SDK/rtos/FreeRTOS/Source/tasks.o
LOAD ./SDK/rtos/FreeRTOS/Source/timers.o
LOAD ./SDK/rtos/FreeRTOS/Source/portable/GCC/ARM_CM4F/port.o
LOAD ./SDK/rtos/FreeRTOS/Source/portable/MemMang/heap_1.o
LOAD ./SDK/rtos/osif/osif_freertos.o
LOAD ./board/clock_config.o
LOAD ./board/peripherals_FreeRTOS.o
LOAD ./board/peripherals_adc_pal_1.o
LOAD ./board/pin_mux.o
LOAD ./src/DCU/Application/DoorApp/DoorApp.o
LOAD ./src/DCU/Application/WindowApp/WindowApp.o
LOAD ./src/DCU/Communication/Signals/Signals.o
LOAD ./src/DCU/EcuAbstraction/Button/Button.o
LOAD ./src/DCU/EcuAbstraction/Door/Door.o
LOAD ./src/DCU/EcuAbstraction/HwConfig/HwConfig.o
LOAD ./src/DCU/EcuAbstraction/Window/Window.o
LOAD ./src/DCU/Microcontroller/Adc/Adc.o
LOAD ./src/DCU/Microcontroller/Dio/Dio.o
LOAD ./src/DCU/Microcontroller/Mcu/Mcu.o
LOAD ./src/DCU/Microcontroller/Mpu/Mpu.o
LOAD ./src/DCU/Microcontroller/Wdg/Wdg.o
LOAD ./src/DCU/Runtime/DcuTasks.o
LOAD ./src/main.o
LOAD ./src/rtos.o
START GROUP
LOAD d:/diplomado_embebidos/tareas/modulo_2/s32 design studio/s32ds/build_tools/gcc_v6.3/gcc-6.3-arm32-eabi/bin/../lib/gcc/arm-none-eabi/6.3.1/thumb/v7e-m/fpv4-sp/hard\libgcc.a
LOAD D:/DIPLOMADO_EMBEBIDOS/TAREAS/MODULO_2/S32 Design Studio/S32DS/build_tools/gcc_b1620/gcc-6.3-arm32-eabi/arm-none-eabi/newlib/lib/thumb/v7e-m/fpv4-sp/hard\libc_nano.a
END GROUP
START GROUP
LOAD d:/diplomado_embebidos/tareas/modulo_2/s32 design studio/s32ds/build_tools/gcc_v6.3/gcc-6.3-arm32-eabi/bin/../lib/gcc/arm-none-eabi/6.3.1/thumb/v7e-m/fpv4-sp/hard\libgcc.a
LOAD D:/DIPLOMADO_EMBEBIDOS/TAREAS/MODULO_2/S32 Design Studio/S32DS/build_tools/gcc_b1620/gcc-6.3-arm32-eabi/arm-none-eabi/newlib/lib/thumb/v7e-m/fpv4-sp/hard\libc_nano.a
LOAD D:/DIPLOMADO_EMBEBIDOS/TAREAS/MODULO_2/S32 Design Studio/S32DS/build_tools/gcc_b1620/gcc-6.3-arm32-eabi/arm-none-eabi/newlib/lib/thumb/v7e-m/fpv4-sp/hard\libnosys.a
END GROUP
START GROUP
LOAD d:/diplomado_embebidos/tareas/modulo_2/s32 design studio/s32ds/build_tools/gcc_v6.3/gcc-6.3-arm32-eabi/bin/../lib/gcc/arm-none-eabi/6.3.1/thumb/v7e-m/fpv4-sp/hard\libgcc.a
LOAD D:/DIPLOMADO_EMBEBIDOS/TAREAS/MODULO_2/S32 Design Studio/S32DS/build_tools/gcc_b1620/gcc-6.3-arm32-eabi/arm-none-eabi/newlib/lib/thumb/v7e-m/fpv4-sp/hard\libc_nano.a
LOAD D:/DIPLOMADO_EMBEBIDOS/TAREAS/MODULO_2/S32 Design Studio/S32DS/build_tools/gcc_b1620/gcc-6.3-arm32-eabi/arm-none-eabi/newlib/lib/thumb/v7e-m/fpv4-sp/hard\libnosys.a
END GROUP
LOAD d:/diplomado_embebidos/tareas/modulo_2/s32 design studio/s32ds/build_tools/gcc_v6.3/gcc-6.3-arm32-eabi/bin/../lib/gcc/arm-none-eabi/6.3.1/thumb/v7e-m/fpv4-sp/hard/crtend.o
LOAD d:/diplomado_embebidos/tareas/modulo_2/s32 design studio/s32ds/build_tools/gcc_v6.3/gcc-6.3-arm32-eabi/bin/../lib/gcc/arm-none-eabi/6.3.1/thumb/v7e-m/fpv4-sp/hard/crtn.o
                0x00000400                HEAP_SIZE = DEFINED (__heap_size__)?__heap_size__:0x400
                0x00000400                STACK_SIZE = DEFINED (__stack_size__)?__stack_size__:0x400
                0x00000400                M_VECTOR_RAM_SIZE = DEFINED (__flash_vector_table__)?0x0:0x400

.interrupts     0x00000000      0x400
                0x00000000                __VECTOR_TABLE = .
                0x00000000                __interrupts_start__ = .
                0x00000000                . = ALIGN (0x4)
 *(.isr_vector)
 .isr_vector    0x00000000      0x400 ./Project_Settings/Startup_Code/startup_S32K144.o
                0x00000000                __isr_vector
                0x00000400                __interrupts_end__ = .
                0x00000400                . = ALIGN (0x4)

.flash_config   0x00000400       0x10
                0x00000400                . = ALIGN (0x4)
 *(.FlashConfig)
 .FlashConfig   0x00000400       0x10 ./Project_Settings/Startup_Code/startup_S32K144.o
                0x00000410                . = ALIGN (0x4)

.text           0x00000410      0x628
                0x00000410                . = ALIGN (0x4)
 *(.text)
 .text          0x00000410       0x6c ./Project_Settings/Startup_Code/startup_S32K144.o
                0x00000410                Reset_Handler
                0x00000478                DebugMon_Handler
                0x00000478                Reserved88_IRQHandler
                0x00000478                CAN0_ORed_IRQHandler
                0x00000478                HardFault_Handler
                0x00000478                Reserved86_IRQHandler
                0x00000478                Reserved103_IRQHandler
                0x00000478                FTM2_Ovf_Reload_IRQHandler
                0x00000478                Reserved50_IRQHandler
                0x00000478                FTFC_Fault_IRQHandler
                0x00000478                FTM0_Ch6_Ch7_IRQHandler
                0x00000478                Reserved114_IRQHandler
                0x00000478                NMI_Handler
                0x00000478                Reserved89_IRQHandler
                0x00000478                ERM_double_fault_IRQHandler
                0x00000478                DMA2_IRQHandler
                0x00000478                Reserved59_IRQHandler
                0x00000478                LPIT0_Ch0_IRQHandler
                0x00000478                Reserved99_IRQHandler
                0x00000478                FTM3_Ch6_Ch7_IRQHandler
                0x00000478                CAN2_ORed_0_15_MB_IRQHandler
                0x00000478                LPIT0_Ch3_IRQHandler
                0x00000478                Reserved92_IRQHandler
                0x00000478                FTM0_Ch4_Ch5_IRQHandler
                0x00000478                CAN1_Error_IRQHandler
                0x00000478                FTM3_Ch0_Ch1_IRQHandler
                0x00000478                SWI_IRQHandler
                0x00000478                FTM2_Ch4_Ch5_IRQHandler
                0x00000478                UsageFault_Handler
                0x00000478                FTM0_Ovf_Reload_IRQHandler
                0x00000478                DefaultISR
                0x00000478                DMA9_IRQHandler
                0x00000478                Reserved58_IRQHandler
                0x00000478                CAN1_ORed_0_15_MB_IRQHandler
                0x00000478                FTM1_Ch2_Ch3_IRQHandler
                0x00000478                DMA14_IRQHandler
                0x00000478                Reserved82_IRQHandler
                0x00000478                CAN0_ORed_16_31_MB_IRQHandler
                0x00000478                LPI2C0_Slave_IRQHandler
                0x00000478                Reserved71_IRQHandler
                0x00000478                PORTD_IRQHandler
                0x00000478                Reserved69_IRQHandler
                0x00000478                PORTB_IRQHandler
                0x00000478                Reserved70_IRQHandler
                0x00000478                FTM2_Ch2_Ch3_IRQHandler
                0x00000478                Reserved53_IRQHandler
                0x00000478                DMA5_IRQHandler
                0x00000478                RTC_IRQHandler
                0x00000478                PDB0_IRQHandler
                0x00000478                Reserved54_IRQHandler
                0x00000478                FTM2_Ch6_Ch7_IRQHandler
                0x00000478                FTM3_Ch2_Ch3_IRQHandler
                0x00000478                FTM2_Ch0_Ch1_IRQHandler
                0x00000478                LPSPI1_IRQHandler
                0x00000478                LPUART1_RxTx_IRQHandler
                0x00000478                RTC_Seconds_IRQHandler
                0x00000478                CAN2_ORed_IRQHandler
                0x00000478                Reserved72_IRQHandler
                0x00000478                Reserved110_IRQHandler
                0x00000478                DMA11_IRQHandler
                0x00000478                Reserved107_IRQHandler
                0x00000478                Read_Collision_IRQHandler
                0x00000478                CAN2_Error_IRQHandler
                0x00000478                FTFC_IRQHandler
                0x00000478                DMA7_IRQHandler
                0x00000478                FTM1_Ch6_Ch7_IRQHandler
                0x00000478                Reserved105_IRQHandler
                0x00000478                LPIT0_Ch1_IRQHandler
                0x00000478                FTM1_Ch4_Ch5_IRQHandler
                0x00000478                FTM3_Ovf_Reload_IRQHandler
                0x00000478                LPUART2_RxTx_IRQHandler
                0x00000478                LPSPI0_IRQHandler
                0x00000478                WDOG_EWM_IRQHandler
                0x00000478                Reserved90_IRQHandler
                0x00000478                Reserved83_IRQHandler
                0x00000478                FTM0_Fault_IRQHandler
                0x00000478                Reserved48_IRQHandler
                0x00000478                ERM_single_fault_IRQHandler
                0x00000478                FTM2_Fault_IRQHandler
                0x00000478                FTM0_Ch2_Ch3_IRQHandler
                0x00000478                DMA13_IRQHandler
                0x00000478                FTM0_Ch0_Ch1_IRQHandler
                0x00000478                FTM3_Fault_IRQHandler
                0x00000478                RCM_IRQHandler
                0x00000478                DMA3_IRQHandler
                0x00000478                Reserved100_IRQHandler
                0x00000478                DMA0_IRQHandler
                0x00000478                Reserved91_IRQHandler
                0x00000478                CAN1_ORed_IRQHandler
                0x00000478                DMA15_IRQHandler
                0x00000478                SCG_IRQHandler
                0x00000478                PDB1_IRQHandler
                0x00000478                Reserved81_IRQHandler
                0x00000478                Reserved46_IRQHandler
                0x00000478                Reserved45_IRQHandler
                0x00000478                CAN0_Error_IRQHandler
                0x00000478                Reserved112_IRQHandler
                0x00000478                LPI2C0_Master_IRQHandler
                0x00000478                DMA4_IRQHandler
                0x00000478                FTM1_Fault_IRQHandler
                0x00000478                Reserved106_IRQHandler
                0x00000478                DMA_Error_IRQHandler
                0x00000478                LVD_LVW_IRQHandler
                0x00000478                LPIT0_Ch2_IRQHandler
                0x00000478                PORTA_IRQHandler
                0x00000478                MCM_IRQHandler
                0x00000478                LPSPI2_IRQHandler
                0x00000478                DMA12_IRQHandler
                0x00000478                FTM3_Ch4_Ch5_IRQHandler
                0x00000478                CAN0_ORed_0_15_MB_IRQHandler
                0x00000478                PORTE_IRQHandler
                0x00000478                LPUART0_RxTx_IRQHandler
                0x00000478                LPTMR0_IRQHandler
                0x00000478                Reserved87_IRQHandler
                0x00000478                FTM1_Ovf_Reload_IRQHandler
                0x00000478                DMA8_IRQHandler
                0x00000478                Reserved93_IRQHandler
                0x00000478                DMA10_IRQHandler
                0x00000478                CAN0_Wake_Up_IRQHandler
                0x00000478                CMP0_IRQHandler
                0x00000478                Reserved52_IRQHandler
                0x00000478                PORTC_IRQHandler
                0x00000478                DMA6_IRQHandler
                0x00000478                FTM1_Ch0_Ch1_IRQHandler
                0x00000478                FLEXIO_IRQHandler
                0x00000478                DMA1_IRQHandler
                0x00000478                Reserved113_IRQHandler
 *(.text*)
 .text.SystemInit
                0x0000047c       0x3c ./SDK/platform/devices/S32K144/startup/system_S32K144.o
                0x0000047c                SystemInit
 .text.init_data_bss
                0x000004b8       0xd8 ./SDK/platform/devices/startup.o
                0x000004b8                init_data_bss
 .text.ADC_DRV_GetChanResult
                0x00000590       0x30 ./SDK/platform/drivers/src/adc/adc_driver.o
                0x00000590                ADC_DRV_GetChanResult
 .text.PDB_DRV_SoftTriggerCmd
                0x000005c0       0x24 ./SDK/platform/drivers/src/pdb/pdb_driver.o
                0x000005c0                PDB_DRV_SoftTriggerCmd
 .text.ADC0_IRQHandler
                0x000005e4        0xa ./SDK/platform/pal/src/adc/adc_irq.o
                0x000005e4                ADC0_IRQHandler
 .text.ADC1_IRQHandler
                0x000005ee        0xa ./SDK/platform/pal/src/adc/adc_irq.o
                0x000005ee                ADC1_IRQHandler
 .text.ADC_S32K1xx_IrqHandler
                0x000005f8       0xd0 ./SDK/platform/pal/src/adc/adc_pal.o
                0x000005f8                ADC_S32K1xx_IrqHandler
 .text.vListInsertEnd
                0x000006c8       0x18 ./SDK/rtos/FreeRTOS/Source/list.o
                0x000006c8                vListInsertEnd
 .text.uxListRemove
                0x000006e0       0x26 ./SDK/rtos/FreeRTOS/Source/list.o
                0x000006e0                uxListRemove
 *fill*         0x00000706        0x2 
 .text.prvResetNextTaskUnblockTime
                0x00000708       0x2c ./SDK/rtos/FreeRTOS/Source/tasks.o
 .text.xTaskIncrementTick
                0x00000734      0x138 ./SDK/rtos/FreeRTOS/Source/tasks.o
                0x00000734                xTaskIncrementTick
 .text.vTaskSwitchContext
                0x0000086c       0xc4 ./SDK/rtos/FreeRTOS/Source/tasks.o
                0x0000086c                vTaskSwitchContext
 .text.SVC_Handler
                0x00000930       0x24 ./SDK/rtos/FreeRTOS/Source/portable/GCC/ARM_CM4F/port.o
                0x00000930                SVC_Handler
 *fill*         0x00000954        0xc 
 .text.PendSV_Handler
                0x00000960       0x64 ./SDK/rtos/FreeRTOS/Source/portable/GCC/ARM_CM4F/port.o
                0x00000960                PendSV_Handler
 .text.SysTick_Handler
                0x000009c4       0x2c ./SDK/rtos/FreeRTOS/Source/portable/GCC/ARM_CM4F/port.o
                0x000009c4                SysTick_Handler
 .text.Mpu_StoreError
                0x000009f0        0x2 ./src/DCU/Microcontroller/Mpu/Mpu.o
 .text.MemManage_Handler
                0x000009f2        0x2 ./src/DCU/Microcontroller/Mpu/Mpu.o
                0x000009f2                MemManage_Handler
 .text.BusFault_Handler
                0x000009f4       0x14 ./src/DCU/Microcontroller/Mpu/Mpu.o
                0x000009f4                BusFault_Handler
 .text.main     0x00000a08        0x4 ./src/main.o
                0x00000a08                main
 .text.vApplicationStackOverflowHook
                0x00000a0c       0x12 ./src/rtos.o
                0x00000a0c                vApplicationStackOverflowHook
 .text.vApplicationTickHook
                0x00000a1e        0x2 ./src/rtos.o
                0x00000a1e                vApplicationTickHook
 *(.rodata)
 *(.rodata*)
 .rodata.s_adcBase
                0x00000a20        0x8 ./SDK/platform/drivers/src/adc/adc_driver.o
 .rodata.s_pdbBase
                0x00000a28        0x8 ./SDK/platform/drivers/src/pdb/pdb_driver.o
 *(.init)
 .init          0x00000a30        0x4 d:/diplomado_embebidos/tareas/modulo_2/s32 design studio/s32ds/build_tools/gcc_v6.3/gcc-6.3-arm32-eabi/bin/../lib/gcc/arm-none-eabi/6.3.1/thumb/v7e-m/fpv4-sp/hard/crti.o
                0x00000a30                _init
 *(.fini)
 .fini          0x00000a34        0x4 d:/diplomado_embebidos/tareas/modulo_2/s32 design studio/s32ds/build_tools/gcc_v6.3/gcc-6.3-arm32-eabi/bin/../lib/gcc/arm-none-eabi/6.3.1/thumb/v7e-m/fpv4-sp/hard/crti.o
                0x00000a34                _fini
 *(.eh_frame)
                0x00000a38                . = ALIGN (0x4)

.glue_7         0x00000a38        0x0
 .glue_7        0x00000a38        0x0 linker stubs

.glue_7t        0x00000a38        0x0
 .glue_7t       0x00000a38        0x0 linker stubs

.vfp11_veneer   0x00000a38        0x0
 .vfp11_veneer  0x00000a38        0x0 linker stubs

.v4_bx          0x00000a38        0x0
 .v4_bx         0x00000a38        0x0 linker stubs

.iplt           0x00000a38        0x0
 .iplt          0x00000a38        0x0 d:/diplomado_embebidos/tareas/modulo_2/s32 design studio/s32ds/build_tools/gcc_v6.3/gcc-6.3-arm32-eabi/bin/../lib/gcc/arm-none-eabi/6.3.1/thumb/v7e-m/fpv4-sp/hard/crtbegin.o

.rel.dyn        0x00000a38        0x0
 .rel.iplt      0x00000a38        0x0 d:/diplomado_embebidos/tareas/modulo_2/s32 design studio/s32ds/build_tools/gcc_v6.3/gcc-6.3-arm32-eabi/bin/../lib/gcc/arm-none-eabi/6.3.1/thumb/v7e-m/fpv4-sp/hard/crtbegin.o

.ARM            0x00000a38        0x0
                0x00000a38                __exidx_start = .
 *(.ARM.exidx*)
                0x00000a38                __exidx_end = .
                0x00000a38                __etext = .
                0x00000a38                __DATA_ROM = .

.interrupts_ram
                0x1fff8000      0x400
                0x1fff8000                . = ALIGN (0x4)
                0x1fff8000                __VECTOR_RAM__ = .
                0x1fff8000                __RAM_START = .
                0x1fff8000                __interrupts_ram_start__ = .
 *(.m_interrupts_ram)
                0x1fff8400                . = (. + M_VECTOR_RAM_SIZE)
 *fill*         0x1fff8000      0x400 
                0x1fff8400                . = ALIGN (0x4)
                0x1fff8400                __interrupts_ram_end__ = .
                0x1fff8000                __VECTOR_RAM = DEFINED (__flash_vector_table__)?ORIGIN (m_interrupts):__VECTOR_RAM__
                0x00000400                __RAM_VECTOR_TABLE_SIZE = DEFINED (__flash_vector_table__)?0x0:(__interrupts_ram_end__ - __interrupts_ram_start__)

.data           0x1fff8400        0x0 load address 0x00000a38
                0x1fff8400                . = ALIGN (0x4)
                0x1fff8400                __DATA_RAM = .
                0x1fff8400                __data_start__ = .
 *(.data)
 *(.data*)
                0x1fff8400                . = ALIGN (0x4)
                0x1fff8400                __data_end__ = .
                0x00000a38                __DATA_END = (__DATA_ROM + (__data_end__ - __data_start__))
                0x00000a38                __CODE_ROM = __DATA_END

.igot.plt       0x1fff8400        0x0
 .igot.plt      0x1fff8400        0x0 d:/diplomado_embebidos/tareas/modulo_2/s32 design studio/s32ds/build_tools/gcc_v6.3/gcc-6.3-arm32-eabi/bin/../lib/gcc/arm-none-eabi/6.3.1/thumb/v7e-m/fpv4-sp/hard/crtbegin.o

.code           0x1fff8400        0x0 load address 0x00000a38
                0x1fff8400                . = ALIGN (0x4)
                0x1fff8400                __CODE_RAM = .
                0x1fff8400                __code_start__ = .
                0x1fff8400                __code_ram_start__ = .
 *(.code_ram)
                0x1fff8400                . = ALIGN (0x4)
                0x1fff8400                __code_end__ = .
                0x1fff8400                __code_ram_end__ = .
                0x00000a38                __CODE_END = (__CODE_ROM + (__code_end__ - __code_start__))
                0x00000a38                __CUSTOM_ROM = __CODE_END

.customSectionBlock
                0x20000000        0x0 load address 0x00000a38
                0x20000000                __customSection_start__ = .
 *(.customSection)
                0x20000000                __customSection_end__ = .
                0x00000a38                __CUSTOM_END = (__CUSTOM_ROM + (__customSection_end__ - __customSection_start__))
                0x00000a38                __rom_end = __CUSTOM_END

.bss            0x20000000       0xc4
                0x20000000                . = ALIGN (0x4)
                0x20000000                __BSS_START = .
                0x20000000                __bss_start__ = .
 *(.bss)
 *(.bss*)
 .bss.adcPalState
                0x20000000       0x38 ./SDK/platform/pal/src/adc/adc_pal.o
 .bss.pxCurrentTCB
                0x20000038        0x4 ./SDK/rtos/FreeRTOS/Source/tasks.o
                0x20000038                pxCurrentTCB
 .bss.pxDelayedTaskList
                0x2000003c        0x4 ./SDK/rtos/FreeRTOS/Source/tasks.o
 .bss.pxOverflowDelayedTaskList
                0x20000040        0x4 ./SDK/rtos/FreeRTOS/Source/tasks.o
 .bss.pxReadyTasksLists
                0x20000044       0x64 ./SDK/rtos/FreeRTOS/Source/tasks.o
 .bss.uxPendedTicks
                0x200000a8        0x4 ./SDK/rtos/FreeRTOS/Source/tasks.o
 .bss.uxSchedulerSuspended
                0x200000ac        0x4 ./SDK/rtos/FreeRTOS/Source/tasks.o
 .bss.uxTopReadyPriority
                0x200000b0        0x4 ./SDK/rtos/FreeRTOS/Source/tasks.o
 .bss.xNextTaskUnblockTime
                0x200000b4        0x4 ./SDK/rtos/FreeRTOS/Source/tasks.o
 .bss.xNumOfOverflows
                0x200000b8        0x4 ./SDK/rtos/FreeRTOS/Source/tasks.o
 .bss.xTickCount
                0x200000bc        0x4 ./SDK/rtos/FreeRTOS/Source/tasks.o
 .bss.xYieldPending
                0x200000c0        0x4 ./SDK/rtos/FreeRTOS/Source/tasks.o
 *(COMMON)
                0x200000c4                . = ALIGN (0x4)
                0x200000c4                __bss_end__ = .
                0x200000c4                __BSS_END = .

.heap           0x200000c4      0x404
                0x200000c8                . = ALIGN (0x8)
 *fill*         0x200000c4        0x4 
                0x200000c8                __end__ = .
                0x200000c8                __heap_start__ = .
                [!provide]                PROVIDE (end, .)
                [!provide]                PROVIDE (_end, .)
                [!provide]                PROVIDE (__end, .)
                0x200000c8                __HeapBase = .
                0x200004c8                . = (. + HEAP_SIZE)
 *fill*         0x200000c8      0x400 
                0x200004c8                __HeapLimit = .
                0x200004c8                __heap_limit = .
                0x200004c8                __heap_end__ = .
                0x20007000                __StackTop = (ORIGIN (m_data_2) + LENGTH (m_data_2))
                0x20006c00                __StackLimit = (__StackTop - STACK_SIZE)
                0x20007000                PROVIDE (__stack, __StackTop)
                0x20007000                __RAM_END = __StackTop

.stack          0x20006c00      0x400
                0x20006c00                . = ALIGN (0x8)
                0x20006c00                __stack_start__ = .
                0x20007000                . = (. + STACK_SIZE)
 *fill*         0x20006c00      0x400 
                0x20007000                __stack_end__ = .

.ARM.attributes
                0x00000000       0x30
 *(.ARM.attributes)
 .ARM.attributes
                0x00000000       0x22 d:/diplomado_embebidos/tareas/modulo_2/s32 design studio/s32ds/build_tools/gcc_v6.3/gcc-6.3-arm32-eabi/bin/../lib/gcc/arm-none-eabi/6.3.1/thumb/v7e-m/fpv4-sp/hard/crti.o
 .ARM.attributes
                0x00000022       0x1f ./Project_Settings/Startup_Code/startup_S32K144.o
 .ARM.attributes
                0x00000041       0x39 ./SDK/platform/devices/S32K144/startup/system_S32K144.o
 .ARM.attributes
                0x0000007a       0x39 ./SDK/platform/devices/startup.o
 .ARM.attributes
                0x000000b3       0x39 ./SDK/platform/drivers/src/adc/adc_driver.o
 .ARM.attributes
                0x000000ec       0x39 ./SDK/platform/drivers/src/pdb/pdb_driver.o
 .ARM.attributes
                0x00000125       0x39 ./SDK/platform/pal/src/adc/adc_irq.o
 .ARM.attributes
                0x0000015e       0x39 ./SDK/platform/pal/src/adc/adc_pal.o
 .ARM.attributes
                0x00000197       0x39 ./SDK/rtos/FreeRTOS/Source/list.o
 .ARM.attributes
                0x000001d0       0x39 ./SDK/rtos/FreeRTOS/Source/tasks.o
 .ARM.attributes
                0x00000209       0x39 ./SDK/rtos/FreeRTOS/Source/portable/GCC/ARM_CM4F/port.o
 .ARM.attributes
                0x00000242       0x39 ./src/DCU/Microcontroller/Mpu/Mpu.o
 .ARM.attributes
                0x0000027b       0x39 ./src/main.o
 .ARM.attributes
                0x000002b4       0x39 ./src/rtos.o
                0x00000001                ASSERT ((__rom_end <= (ORIGIN (m_text) + LENGTH (m_text))), Region m_text overflowed!)
                0x00000001                ASSERT ((__StackLimit >= __HeapLimit), region m_data_2 overflowed with stack and heap)
OUTPUT(DCU_2021B_Equipo1.elf elf32-littlearm)

.debug_line     0x00000000     0x66ab
 .debug_line    0x00000000       0xf4 ./Project_Settings/Startup_Code/startup_S32K144.o
 .debug_line    0x000000f4      0x563 ./SDK/platform/devices/S32K144/startup/system_S32K144.o
 .debug_line    0x00000657      0x4c9 ./SDK/platform/devices/startup.o
 .debug_line    0x00000b20      0xcdf ./SDK/platform/drivers/src/adc/adc_driver.o
 .debug_line    0x000017ff      0x9e6 ./SDK/platform/drivers/src/pdb/pdb_driver.o
 .debug_line    0x000021e5      0x6ef ./SDK/platform/pal/src/adc/adc_irq.o
 .debug_line    0x000028d4      0xd5d ./SDK/platform/pal/src/adc/adc_pal.o
 .debug_line    0x00003631      0x5f8 ./SDK/rtos/FreeRTOS/Source/list.o
 .debug_line    0x00003c29     0x1008 ./SDK/rtos/FreeRTOS/Source/tasks.o
 .debug_line    0x00004c31      0x620 ./SDK/rtos/FreeRTOS/Source/portable/GCC/ARM_CM4F/port.o
 .debug_line    0x00005251       0xde ./src/DCU/Microcontroller/Mpu/Mpu.o
 .debug_line    0x0000532f      0x941 ./src/main.o
 .debug_line    0x00005c70      0xa3b ./src/rtos.o

.debug_info     0x00000000    0x104f2
 .debug_info    0x00000000       0x26 ./Project_Settings/Startup_Code/startup_S32K144.o
 .debug_info    0x00000026      0x521 ./SDK/platform/devices/S32K144/startup/system_S32K144.o
 .debug_info    0x00000547      0x2ad ./SDK/platform/devices/startup.o
 .debug_info    0x000007f4     0x3544 ./SDK/platform/drivers/src/adc/adc_driver.o
 .debug_info    0x00003d38     0x1ec5 ./SDK/platform/drivers/src/pdb/pdb_driver.o
 .debug_info    0x00005bfd      0x155 ./SDK/platform/pal/src/adc/adc_irq.o
 .debug_info    0x00005d52     0x28bd ./SDK/platform/pal/src/adc/adc_pal.o
 .debug_info    0x0000860f      0xaae ./SDK/rtos/FreeRTOS/Source/list.o
 .debug_info    0x000090bd     0x31bf ./SDK/rtos/FreeRTOS/Source/tasks.o
 .debug_info    0x0000c27c      0x560 ./SDK/rtos/FreeRTOS/Source/portable/GCC/ARM_CM4F/port.o
 .debug_info    0x0000c7dc       0xbb ./src/DCU/Microcontroller/Mpu/Mpu.o
 .debug_info    0x0000c897     0x199c ./src/main.o
 .debug_info    0x0000e233     0x22bf ./src/rtos.o

.debug_abbrev   0x00000000     0x1a27
 .debug_abbrev  0x00000000       0x14 ./Project_Settings/Startup_Code/startup_S32K144.o
 .debug_abbrev  0x00000014      0x141 ./SDK/platform/devices/S32K144/startup/system_S32K144.o
 .debug_abbrev  0x00000155       0xe1 ./SDK/platform/devices/startup.o
 .debug_abbrev  0x00000236      0x3a1 ./SDK/platform/drivers/src/adc/adc_driver.o
 .debug_abbrev  0x000005d7      0x397 ./SDK/platform/drivers/src/pdb/pdb_driver.o
 .debug_abbrev  0x0000096e       0xa6 ./SDK/platform/pal/src/adc/adc_irq.o
 .debug_abbrev  0x00000a14      0x398 ./SDK/platform/pal/src/adc/adc_pal.o
 .debug_abbrev  0x00000dac      0x1da ./SDK/rtos/FreeRTOS/Source/list.o
 .debug_abbrev  0x00000f86      0x3e5 ./SDK/rtos/FreeRTOS/Source/tasks.o
 .debug_abbrev  0x0000136b      0x22a ./SDK/rtos/FreeRTOS/Source/portable/GCC/ARM_CM4F/port.o
 .debug_abbrev  0x00001595       0x77 ./src/DCU/Microcontroller/Mpu/Mpu.o
 .debug_abbrev  0x0000160c      0x14a ./src/main.o
 .debug_abbrev  0x00001756      0x2d1 ./src/rtos.o

.debug_aranges  0x00000000      0x5f0
 .debug_aranges
                0x00000000       0x20 ./Project_Settings/Startup_Code/startup_S32K144.o
 .debug_aranges
                0x00000020       0x30 ./SDK/platform/devices/S32K144/startup/system_S32K144.o
 .debug_aranges
                0x00000050       0x20 ./SDK/platform/devices/startup.o
 .debug_aranges
                0x00000070       0xe8 ./SDK/platform/drivers/src/adc/adc_driver.o
 .debug_aranges
                0x00000158       0xc0 ./SDK/platform/drivers/src/pdb/pdb_driver.o
 .debug_aranges
                0x00000218       0x28 ./SDK/platform/pal/src/adc/adc_irq.o
 .debug_aranges
                0x00000240       0x78 ./SDK/platform/pal/src/adc/adc_pal.o
 .debug_aranges
                0x000002b8       0x40 ./SDK/rtos/FreeRTOS/Source/list.o
 .debug_aranges
                0x000002f8      0x1b0 ./SDK/rtos/FreeRTOS/Source/tasks.o
 .debug_aranges
                0x000004a8       0x80 ./SDK/rtos/FreeRTOS/Source/portable/GCC/ARM_CM4F/port.o
 .debug_aranges
                0x00000528       0x38 ./src/DCU/Microcontroller/Mpu/Mpu.o
 .debug_aranges
                0x00000560       0x20 ./src/main.o
 .debug_aranges
                0x00000580       0x70 ./src/rtos.o

.debug_str      0x00000000    0x7a36d
 .debug_str     0x00000000       0xe4 ./Project_Settings/Startup_Code/startup_S32K144.o
 .debug_str     0x000000e4    0x693d0 ./SDK/platform/devices/S32K144/startup/system_S32K144.o
                              0x69559 (size before relaxing)
 .debug_str     0x000694b4      0x3c1 ./SDK/platform/devices/startup.o
                              0x696cb (size before relaxing)
 .debug_str     0x00069875     0x2520 ./SDK/platform/drivers/src/adc/adc_driver.o
                              0x6bb30 (size before relaxing)
 .debug_str     0x0006bd95      0x8f5 ./SDK/platform/drivers/src/pdb/pdb_driver.o
                              0x6b3b0 (size before relaxing)
 .debug_str     0x0006c68a       0xcc ./SDK/platform/pal/src/adc/adc_irq.o
                              0x6959e (size before relaxing)
 .debug_str     0x0006c756     0x60aa ./SDK/platform/pal/src/adc/adc_pal.o
                              0x71600 (size before relaxing)
 .debug_str     0x00072800     0x32e2 ./SDK/rtos/FreeRTOS/Source/list.o
                               0xa2a3 (size before relaxing)
 .debug_str     0x00075ae2     0x260b ./SDK/rtos/FreeRTOS/Source/tasks.o
                               0xcf6d (size before relaxing)
 .debug_str     0x000780ed      0x7d3 ./SDK/rtos/FreeRTOS/Source/portable/GCC/ARM_CM4F/port.o
                               0x7f00 (size before relaxing)
 .debug_str     0x000788c0       0xe5 ./src/DCU/Microcontroller/Mpu/Mpu.o
                               0x27e6 (size before relaxing)
 .debug_str     0x000789a5     0x14c8 ./src/main.o
                              0x6f55c (size before relaxing)
 .debug_str     0x00079e6d      0x500 ./src/rtos.o
                              0x71e56 (size before relaxing)

.debug_loc      0x00000000     0x60b9
 .debug_loc     0x00000000       0xeb ./SDK/platform/devices/S32K144/startup/system_S32K144.o
 .debug_loc     0x000000eb       0xec ./SDK/platform/devices/startup.o
 .debug_loc     0x000001d7     0x1a7f ./SDK/platform/drivers/src/adc/adc_driver.o
 .debug_loc     0x00001c56      0xe14 ./SDK/platform/drivers/src/pdb/pdb_driver.o
 .debug_loc     0x00002a6a     0x1654 ./SDK/platform/pal/src/adc/adc_pal.o
 .debug_loc     0x000040be       0x65 ./SDK/rtos/FreeRTOS/Source/list.o
 .debug_loc     0x00004123     0x1e57 ./SDK/rtos/FreeRTOS/Source/tasks.o
 .debug_loc     0x00005f7a       0xdc ./SDK/rtos/FreeRTOS/Source/portable/GCC/ARM_CM4F/port.o
 .debug_loc     0x00006056       0x63 ./src/rtos.o

.debug_ranges   0x00000000      0x7b8
 .debug_ranges  0x00000000       0x20 ./SDK/platform/devices/S32K144/startup/system_S32K144.o
 .debug_ranges  0x00000020       0x10 ./SDK/platform/devices/startup.o
 .debug_ranges  0x00000030      0x180 ./SDK/platform/drivers/src/adc/adc_driver.o
 .debug_ranges  0x000001b0       0xc8 ./SDK/platform/drivers/src/pdb/pdb_driver.o
 .debug_ranges  0x00000278       0x18 ./SDK/platform/pal/src/adc/adc_irq.o
 .debug_ranges  0x00000290      0x158 ./SDK/platform/pal/src/adc/adc_pal.o
 .debug_ranges  0x000003e8       0x30 ./SDK/rtos/FreeRTOS/Source/list.o
 .debug_ranges  0x00000418      0x298 ./SDK/rtos/FreeRTOS/Source/tasks.o
 .debug_ranges  0x000006b0       0x70 ./SDK/rtos/FreeRTOS/Source/portable/GCC/ARM_CM4F/port.o
 .debug_ranges  0x00000720       0x28 ./src/DCU/Microcontroller/Mpu/Mpu.o
 .debug_ranges  0x00000748       0x10 ./src/main.o
 .debug_ranges  0x00000758       0x60 ./src/rtos.o

.debug_macro    0x00000000    0x216a4
 .debug_macro   0x00000000       0xb6 ./SDK/platform/devices/S32K144/startup/system_S32K144.o
 .debug_macro   0x000000b6      0x8da ./SDK/platform/devices/S32K144/startup/system_S32K144.o
 .debug_macro   0x00000990       0x10 ./SDK/platform/devices/S32K144/startup/system_S32K144.o
 .debug_macro   0x000009a0       0x79 ./SDK/platform/devices/S32K144/startup/system_S32K144.o
 .debug_macro   0x00000a19       0x19 ./SDK/platform/devices/S32K144/startup/system_S32K144.o
 .debug_macro   0x00000a32       0x22 ./SDK/platform/devices/S32K144/startup/system_S32K144.o
 .debug_macro   0x00000a54       0x4f ./SDK/platform/devices/S32K144/startup/system_S32K144.o
 .debug_macro   0x00000aa3       0x51 ./SDK/platform/devices/S32K144/startup/system_S32K144.o
 .debug_macro   0x00000af4       0xef ./SDK/platform/devices/S32K144/startup/system_S32K144.o
 .debug_macro   0x00000be3       0x6a ./SDK/platform/devices/S32K144/startup/system_S32K144.o
 .debug_macro   0x00000c4d      0x1df ./SDK/platform/devices/S32K144/startup/system_S32K144.o
 .debug_macro   0x00000e2c     0xee9e ./SDK/platform/devices/S32K144/startup/system_S32K144.o
 .debug_macro   0x0000fcca      0xbbd ./SDK/platform/devices/S32K144/startup/system_S32K144.o
 .debug_macro   0x00010887       0x22 ./SDK/platform/devices/S32K144/startup/system_S32K144.o
 .debug_macro   0x000108a9       0x28 ./SDK/platform/devices/S32K144/startup/system_S32K144.o
 .debug_macro   0x000108d1       0xb6 ./SDK/platform/devices/startup.o
 .debug_macro   0x00010987     0xeeb3 ./SDK/platform/devices/startup.o
 .debug_macro   0x0001f83a       0x40 ./SDK/platform/devices/startup.o
 .debug_macro   0x0001f87a       0xea ./SDK/platform/drivers/src/adc/adc_driver.o
 .debug_macro   0x0001f964      0x16d ./SDK/platform/drivers/src/adc/adc_driver.o
 .debug_macro   0x0001fad1       0x10 ./SDK/platform/drivers/src/adc/adc_driver.o
 .debug_macro   0x0001fae1       0x8a ./SDK/platform/drivers/src/adc/adc_driver.o
 .debug_macro   0x0001fb6b       0xee ./SDK/platform/drivers/src/pdb/pdb_driver.o
 .debug_macro   0x0001fc59      0x119 ./SDK/platform/pal/src/adc/adc_irq.o
 .debug_macro   0x0001fd72       0x16 ./SDK/platform/pal/src/adc/adc_irq.o
 .debug_macro   0x0001fd88      0x1f2 ./SDK/platform/pal/src/adc/adc_pal.o
 .debug_macro   0x0001ff7a      0x1a8 ./SDK/platform/pal/src/adc/adc_pal.o
 .debug_macro   0x00020122      0x15a ./SDK/platform/pal/src/adc/adc_pal.o
 .debug_macro   0x0002027c       0xde ./SDK/platform/pal/src/adc/adc_pal.o
 .debug_macro   0x0002035a       0x1c ./SDK/platform/pal/src/adc/adc_pal.o
 .debug_macro   0x00020376       0x26 ./SDK/platform/pal/src/adc/adc_pal.o
 .debug_macro   0x0002039c      0x433 ./SDK/platform/pal/src/adc/adc_pal.o
 .debug_macro   0x000207cf       0xb5 ./SDK/platform/pal/src/adc/adc_pal.o
 .debug_macro   0x00020884       0xaa ./SDK/platform/pal/src/adc/adc_pal.o
 .debug_macro   0x0002092e       0x80 ./SDK/platform/pal/src/adc/adc_pal.o
 .debug_macro   0x000209ae       0x7e ./SDK/platform/pal/src/adc/adc_pal.o
 .debug_macro   0x00020a2c      0x172 ./SDK/rtos/FreeRTOS/Source/list.o
 .debug_macro   0x00020b9e      0x2a9 ./SDK/rtos/FreeRTOS/Source/tasks.o
 .debug_macro   0x00020e47       0x10 ./SDK/rtos/FreeRTOS/Source/tasks.o
 .debug_macro   0x00020e57       0x1c ./SDK/rtos/FreeRTOS/Source/tasks.o
 .debug_macro   0x00020e73       0x10 ./SDK/rtos/FreeRTOS/Source/tasks.o
 .debug_macro   0x00020e83       0x10 ./SDK/rtos/FreeRTOS/Source/tasks.o
 .debug_macro   0x00020e93       0xb6 ./SDK/rtos/FreeRTOS/Source/tasks.o
 .debug_macro   0x00020f49       0x16 ./SDK/rtos/FreeRTOS/Source/tasks.o
 .debug_macro   0x00020f5f      0x130 ./SDK/rtos/FreeRTOS/Source/tasks.o
 .debug_macro   0x0002108f      0x196 ./SDK/rtos/FreeRTOS/Source/portable/GCC/ARM_CM4F/port.o
 .debug_macro   0x00021225       0x24 ./src/DCU/Microcontroller/Mpu/Mpu.o
 .debug_macro   0x00021249      0x1ce ./src/main.o
 .debug_macro   0x00021417      0x241 ./src/rtos.o
 .debug_macro   0x00021658       0x4c ./src/rtos.o

.comment        0x00000000       0xa0
 .comment       0x00000000       0xa0 ./SDK/platform/devices/S32K144/startup/system_S32K144.o
                                 0xa1 (size before relaxing)
 .comment       0x000000a0       0xa1 ./SDK/platform/devices/startup.o
 .comment       0x000000a0       0xa1 ./SDK/platform/drivers/src/adc/adc_driver.o
 .comment       0x000000a0       0xa1 ./SDK/platform/drivers/src/pdb/pdb_driver.o
 .comment       0x000000a0       0xa1 ./SDK/platform/pal/src/adc/adc_irq.o
 .comment       0x000000a0       0xa1 ./SDK/platform/pal/src/adc/adc_pal.o
 .comment       0x000000a0       0xa1 ./SDK/rtos/FreeRTOS/Source/list.o
 .comment       0x000000a0       0xa1 ./SDK/rtos/FreeRTOS/Source/tasks.o
 .comment       0x000000a0       0xa1 ./SDK/rtos/FreeRTOS/Source/portable/GCC/ARM_CM4F/port.o
 .comment       0x000000a0       0xa1 ./src/DCU/Microcontroller/Mpu/Mpu.o
 .comment       0x000000a0       0xa1 ./src/main.o
 .comment       0x000000a0       0xa1 ./src/rtos.o

.debug_frame    0x00000000      0xee4
 .debug_frame   0x00000000       0x40 ./SDK/platform/devices/S32K144/startup/system_S32K144.o
 .debug_frame   0x00000040       0x2c ./SDK/platform/devices/startup.o
 .debug_frame   0x0000006c      0x258 ./SDK/platform/drivers/src/adc/adc_driver.o
 .debug_frame   0x000002c4      0x1e0 ./SDK/platform/drivers/src/pdb/pdb_driver.o
 .debug_frame   0x000004a4       0x40 ./SDK/platform/pal/src/adc/adc_irq.o
 .debug_frame   0x000004e4      0x1a8 ./SDK/platform/pal/src/adc/adc_pal.o
 .debug_frame   0x0000068c       0x6c ./SDK/rtos/FreeRTOS/Source/list.o
 .debug_frame   0x000006f8      0x57c ./SDK/rtos/FreeRTOS/Source/tasks.o
 .debug_frame   0x00000c74      0x100 ./SDK/rtos/FreeRTOS/Source/portable/GCC/ARM_CM4F/port.o
 .debug_frame   0x00000d74       0x50 ./src/DCU/Microcontroller/Mpu/Mpu.o
 .debug_frame   0x00000dc4       0x20 ./src/main.o
 .debug_frame   0x00000de4      0x100 ./src/rtos.o
