Archive member included to satisfy reference by file (symbol)

D:/DIPLOMADO_EMBEBIDOS/TAREAS/MODULO_2/S32 Design Studio/S32DS/build_tools/gcc_v9.2/gcc-9.2-arm32-eabi/arm-none-eabi/newlib/lib/thumb/v7e-m/nofp\libc.a(lib_a-exit.o)
                              D:/DIPLOMADO_EMBEBIDOS/TAREAS/MODULO_2/S32 Design Studio/S32DS/build_tools/gcc_v9.2/gcc-9.2-arm32-eabi/arm-none-eabi/newlib/lib/thumb/v7e-m/nofp/crt0.o (exit)
D:/DIPLOMADO_EMBEBIDOS/TAREAS/MODULO_2/S32 Design Studio/S32DS/build_tools/gcc_v9.2/gcc-9.2-arm32-eabi/arm-none-eabi/newlib/lib/thumb/v7e-m/nofp\libc.a(lib_a-impure.o)
                              D:/DIPLOMADO_EMBEBIDOS/TAREAS/MODULO_2/S32 Design Studio/S32DS/build_tools/gcc_v9.2/gcc-9.2-arm32-eabi/arm-none-eabi/newlib/lib/thumb/v7e-m/nofp\libc.a(lib_a-exit.o) (_global_impure_ptr)
D:/DIPLOMADO_EMBEBIDOS/TAREAS/MODULO_2/S32 Design Studio/S32DS/build_tools/gcc_v9.2/gcc-9.2-arm32-eabi/arm-none-eabi/newlib/lib/thumb/v7e-m/nofp\libc.a(lib_a-init.o)
                              D:/DIPLOMADO_EMBEBIDOS/TAREAS/MODULO_2/S32 Design Studio/S32DS/build_tools/gcc_v9.2/gcc-9.2-arm32-eabi/arm-none-eabi/newlib/lib/thumb/v7e-m/nofp/crt0.o (__libc_init_array)
D:/DIPLOMADO_EMBEBIDOS/TAREAS/MODULO_2/S32 Design Studio/S32DS/build_tools/gcc_v9.2/gcc-9.2-arm32-eabi/arm-none-eabi/newlib/lib/thumb/v7e-m/nofp\libc.a(lib_a-memset.o)
                              D:/DIPLOMADO_EMBEBIDOS/TAREAS/MODULO_2/S32 Design Studio/S32DS/build_tools/gcc_v9.2/gcc-9.2-arm32-eabi/arm-none-eabi/newlib/lib/thumb/v7e-m/nofp/crt0.o (memset)
D:/DIPLOMADO_EMBEBIDOS/TAREAS/MODULO_2/S32 Design Studio/S32DS/build_tools/gcc_v9.2/gcc-9.2-arm32-eabi/arm-none-eabi/newlib/lib/thumb/v7e-m/nofp\libc.a(lib_a-__call_atexit.o)
                              D:/DIPLOMADO_EMBEBIDOS/TAREAS/MODULO_2/S32 Design Studio/S32DS/build_tools/gcc_v9.2/gcc-9.2-arm32-eabi/arm-none-eabi/newlib/lib/thumb/v7e-m/nofp\libc.a(lib_a-exit.o) (__call_exitprocs)
D:/DIPLOMADO_EMBEBIDOS/TAREAS/MODULO_2/S32 Design Studio/S32DS/build_tools/gcc_v9.2/gcc-9.2-arm32-eabi/arm-none-eabi/newlib/lib/thumb/v7e-m/nofp\libc.a(lib_a-fini.o)
                              D:/DIPLOMADO_EMBEBIDOS/TAREAS/MODULO_2/S32 Design Studio/S32DS/build_tools/gcc_v9.2/gcc-9.2-arm32-eabi/arm-none-eabi/newlib/lib/thumb/v7e-m/nofp\libc.a(lib_a-__call_atexit.o) (__libc_fini_array)
D:/DIPLOMADO_EMBEBIDOS/TAREAS/MODULO_2/S32 Design Studio/S32DS/build_tools/gcc_v9.2/gcc-9.2-arm32-eabi/arm-none-eabi/newlib/lib/thumb/v7e-m/nofp\libc.a(lib_a-atexit.o)
                              D:/DIPLOMADO_EMBEBIDOS/TAREAS/MODULO_2/S32 Design Studio/S32DS/build_tools/gcc_v9.2/gcc-9.2-arm32-eabi/arm-none-eabi/newlib/lib/thumb/v7e-m/nofp\libc.a(lib_a-__call_atexit.o) (atexit)
D:/DIPLOMADO_EMBEBIDOS/TAREAS/MODULO_2/S32 Design Studio/S32DS/build_tools/gcc_v9.2/gcc-9.2-arm32-eabi/arm-none-eabi/newlib/lib/thumb/v7e-m/nofp\libc.a(lib_a-__atexit.o)
                              D:/DIPLOMADO_EMBEBIDOS/TAREAS/MODULO_2/S32 Design Studio/S32DS/build_tools/gcc_v9.2/gcc-9.2-arm32-eabi/arm-none-eabi/newlib/lib/thumb/v7e-m/nofp\libc.a(lib_a-atexit.o) (__register_exitproc)
D:/DIPLOMADO_EMBEBIDOS/TAREAS/MODULO_2/S32 Design Studio/S32DS/build_tools/gcc_v9.2/gcc-9.2-arm32-eabi/arm-none-eabi/newlib/lib/thumb/v7e-m/nofp\libnosys.a(_exit.o)
                              D:/DIPLOMADO_EMBEBIDOS/TAREAS/MODULO_2/S32 Design Studio/S32DS/build_tools/gcc_v9.2/gcc-9.2-arm32-eabi/arm-none-eabi/newlib/lib/thumb/v7e-m/nofp\libc.a(lib_a-exit.o) (_exit)

Discarded input sections

 .text          0x00000000        0x0 d:/diplomado_embebidos/tareas/modulo_2/s32 design studio/s32ds/build_tools/gcc_v9.2/gcc-9.2-arm32-eabi/bin/../lib/gcc/arm-none-eabi/9.2.0/thumb/v7e-m/nofp/crti.o
 .data          0x00000000        0x0 d:/diplomado_embebidos/tareas/modulo_2/s32 design studio/s32ds/build_tools/gcc_v9.2/gcc-9.2-arm32-eabi/bin/../lib/gcc/arm-none-eabi/9.2.0/thumb/v7e-m/nofp/crti.o
 .bss           0x00000000        0x0 d:/diplomado_embebidos/tareas/modulo_2/s32 design studio/s32ds/build_tools/gcc_v9.2/gcc-9.2-arm32-eabi/bin/../lib/gcc/arm-none-eabi/9.2.0/thumb/v7e-m/nofp/crti.o
 .data          0x00000000        0x4 d:/diplomado_embebidos/tareas/modulo_2/s32 design studio/s32ds/build_tools/gcc_v9.2/gcc-9.2-arm32-eabi/bin/../lib/gcc/arm-none-eabi/9.2.0/thumb/v7e-m/nofp/crtbegin.o
 .data          0x00000000        0x0 D:/DIPLOMADO_EMBEBIDOS/TAREAS/MODULO_2/S32 Design Studio/S32DS/build_tools/gcc_v9.2/gcc-9.2-arm32-eabi/arm-none-eabi/newlib/lib/thumb/v7e-m/nofp/crt0.o
 .bss           0x00000000        0x0 D:/DIPLOMADO_EMBEBIDOS/TAREAS/MODULO_2/S32 Design Studio/S32DS/build_tools/gcc_v9.2/gcc-9.2-arm32-eabi/arm-none-eabi/newlib/lib/thumb/v7e-m/nofp/crt0.o
 .ARM.extab     0x00000000        0x0 D:/DIPLOMADO_EMBEBIDOS/TAREAS/MODULO_2/S32 Design Studio/S32DS/build_tools/gcc_v9.2/gcc-9.2-arm32-eabi/arm-none-eabi/newlib/lib/thumb/v7e-m/nofp/crt0.o
 .group         0x00000000        0xc ./Project_Settings/Startup_Code/startup.o
 .group         0x00000000        0xc ./Project_Settings/Startup_Code/startup.o
 .group         0x00000000        0xc ./Project_Settings/Startup_Code/startup.o
 .group         0x00000000        0xc ./Project_Settings/Startup_Code/startup.o
 .group         0x00000000        0xc ./Project_Settings/Startup_Code/startup.o
 .group         0x00000000        0xc ./Project_Settings/Startup_Code/startup.o
 .group         0x00000000        0xc ./Project_Settings/Startup_Code/startup.o
 .group         0x00000000        0xc ./Project_Settings/Startup_Code/startup.o
 .group         0x00000000        0xc ./Project_Settings/Startup_Code/startup.o
 .group         0x00000000        0xc ./Project_Settings/Startup_Code/startup.o
 .group         0x00000000        0xc ./Project_Settings/Startup_Code/startup.o
 .group         0x00000000        0xc ./Project_Settings/Startup_Code/startup.o
 .group         0x00000000        0xc ./Project_Settings/Startup_Code/startup.o
 .text          0x00000000        0x0 ./Project_Settings/Startup_Code/startup.o
 .data          0x00000000        0x0 ./Project_Settings/Startup_Code/startup.o
 .bss           0x00000000        0x0 ./Project_Settings/Startup_Code/startup.o
 .data          0x00000000        0x0 ./Project_Settings/Startup_Code/startup_S32K144.o
 .bss           0x00000000        0x0 ./Project_Settings/Startup_Code/startup_S32K144.o
 .group         0x00000000        0xc ./Project_Settings/Startup_Code/system_S32K144.o
 .group         0x00000000        0xc ./Project_Settings/Startup_Code/system_S32K144.o
 .group         0x00000000        0xc ./Project_Settings/Startup_Code/system_S32K144.o
 .group         0x00000000        0xc ./Project_Settings/Startup_Code/system_S32K144.o
 .group         0x00000000        0xc ./Project_Settings/Startup_Code/system_S32K144.o
 .group         0x00000000        0xc ./Project_Settings/Startup_Code/system_S32K144.o
 .group         0x00000000        0xc ./Project_Settings/Startup_Code/system_S32K144.o
 .group         0x00000000        0xc ./Project_Settings/Startup_Code/system_S32K144.o
 .group         0x00000000        0xc ./Project_Settings/Startup_Code/system_S32K144.o
 .group         0x00000000        0xc ./Project_Settings/Startup_Code/system_S32K144.o
 .group         0x00000000        0xc ./Project_Settings/Startup_Code/system_S32K144.o
 .group         0x00000000        0xc ./Project_Settings/Startup_Code/system_S32K144.o
 .group         0x00000000        0xc ./Project_Settings/Startup_Code/system_S32K144.o
 .group         0x00000000        0xc ./Project_Settings/Startup_Code/system_S32K144.o
 .text          0x00000000        0x0 ./Project_Settings/Startup_Code/system_S32K144.o
 .data          0x00000000        0x0 ./Project_Settings/Startup_Code/system_S32K144.o
 .bss           0x00000000        0x0 ./Project_Settings/Startup_Code/system_S32K144.o
 .text.SystemCoreClockUpdate
                0x00000000       0x78 ./Project_Settings/Startup_Code/system_S32K144.o
 .text.SystemSoftwareReset
                0x00000000       0x18 ./Project_Settings/Startup_Code/system_S32K144.o
 .data.SystemCoreClock
                0x00000000        0x4 ./Project_Settings/Startup_Code/system_S32K144.o
 .debug_macro   0x00000000      0xaa8 ./Project_Settings/Startup_Code/system_S32K144.o
 .debug_macro   0x00000000       0x10 ./Project_Settings/Startup_Code/system_S32K144.o
 .debug_macro   0x00000000       0x7a ./Project_Settings/Startup_Code/system_S32K144.o
 .debug_macro   0x00000000       0x22 ./Project_Settings/Startup_Code/system_S32K144.o
 .debug_macro   0x00000000       0x8e ./Project_Settings/Startup_Code/system_S32K144.o
 .debug_macro   0x00000000       0x51 ./Project_Settings/Startup_Code/system_S32K144.o
 .debug_macro   0x00000000       0xef ./Project_Settings/Startup_Code/system_S32K144.o
 .debug_macro   0x00000000       0x6a ./Project_Settings/Startup_Code/system_S32K144.o
 .debug_macro   0x00000000      0x1df ./Project_Settings/Startup_Code/system_S32K144.o
 .debug_macro   0x00000000      0xbbe ./Project_Settings/Startup_Code/system_S32K144.o
 .debug_macro   0x00000000       0x22 ./Project_Settings/Startup_Code/system_S32K144.o
 .group         0x00000000        0xc ./src/main.o
 .group         0x00000000        0xc ./src/main.o
 .group         0x00000000        0xc ./src/main.o
 .group         0x00000000        0xc ./src/main.o
 .group         0x00000000        0xc ./src/main.o
 .group         0x00000000        0xc ./src/main.o
 .group         0x00000000        0xc ./src/main.o
 .group         0x00000000        0xc ./src/main.o
 .group         0x00000000        0xc ./src/main.o
 .text          0x00000000        0x0 ./src/main.o
 .data          0x00000000        0x0 ./src/main.o
 .bss           0x00000000        0x0 ./src/main.o
 .bss.counter   0x00000000        0x4 ./src/main.o
 .debug_macro   0x00000000      0xaa8 ./src/main.o
 .debug_macro   0x00000000       0x19 ./src/main.o
 .debug_macro   0x00000000       0x22 ./src/main.o
 .debug_macro   0x00000000       0x8e ./src/main.o
 .debug_macro   0x00000000       0x51 ./src/main.o
 .debug_macro   0x00000000       0xef ./src/main.o
 .debug_macro   0x00000000       0x6a ./src/main.o
 .debug_macro   0x00000000      0x1df ./src/main.o
 .debug_macro   0x00000000     0xed1d ./src/main.o
 .text          0x00000000        0x0 D:/DIPLOMADO_EMBEBIDOS/TAREAS/MODULO_2/S32 Design Studio/S32DS/build_tools/gcc_v9.2/gcc-9.2-arm32-eabi/arm-none-eabi/newlib/lib/thumb/v7e-m/nofp\libc.a(lib_a-exit.o)
 .data          0x00000000        0x0 D:/DIPLOMADO_EMBEBIDOS/TAREAS/MODULO_2/S32 Design Studio/S32DS/build_tools/gcc_v9.2/gcc-9.2-arm32-eabi/arm-none-eabi/newlib/lib/thumb/v7e-m/nofp\libc.a(lib_a-exit.o)
 .bss           0x00000000        0x0 D:/DIPLOMADO_EMBEBIDOS/TAREAS/MODULO_2/S32 Design Studio/S32DS/build_tools/gcc_v9.2/gcc-9.2-arm32-eabi/arm-none-eabi/newlib/lib/thumb/v7e-m/nofp\libc.a(lib_a-exit.o)
 .text          0x00000000        0x0 D:/DIPLOMADO_EMBEBIDOS/TAREAS/MODULO_2/S32 Design Studio/S32DS/build_tools/gcc_v9.2/gcc-9.2-arm32-eabi/arm-none-eabi/newlib/lib/thumb/v7e-m/nofp\libc.a(lib_a-impure.o)
 .data          0x00000000        0x0 D:/DIPLOMADO_EMBEBIDOS/TAREAS/MODULO_2/S32 Design Studio/S32DS/build_tools/gcc_v9.2/gcc-9.2-arm32-eabi/arm-none-eabi/newlib/lib/thumb/v7e-m/nofp\libc.a(lib_a-impure.o)
 .bss           0x00000000        0x0 D:/DIPLOMADO_EMBEBIDOS/TAREAS/MODULO_2/S32 Design Studio/S32DS/build_tools/gcc_v9.2/gcc-9.2-arm32-eabi/arm-none-eabi/newlib/lib/thumb/v7e-m/nofp\libc.a(lib_a-impure.o)
 .data._impure_ptr
                0x00000000        0x4 D:/DIPLOMADO_EMBEBIDOS/TAREAS/MODULO_2/S32 Design Studio/S32DS/build_tools/gcc_v9.2/gcc-9.2-arm32-eabi/arm-none-eabi/newlib/lib/thumb/v7e-m/nofp\libc.a(lib_a-impure.o)
 .text          0x00000000        0x0 D:/DIPLOMADO_EMBEBIDOS/TAREAS/MODULO_2/S32 Design Studio/S32DS/build_tools/gcc_v9.2/gcc-9.2-arm32-eabi/arm-none-eabi/newlib/lib/thumb/v7e-m/nofp\libc.a(lib_a-init.o)
 .data          0x00000000        0x0 D:/DIPLOMADO_EMBEBIDOS/TAREAS/MODULO_2/S32 Design Studio/S32DS/build_tools/gcc_v9.2/gcc-9.2-arm32-eabi/arm-none-eabi/newlib/lib/thumb/v7e-m/nofp\libc.a(lib_a-init.o)
 .bss           0x00000000        0x0 D:/DIPLOMADO_EMBEBIDOS/TAREAS/MODULO_2/S32 Design Studio/S32DS/build_tools/gcc_v9.2/gcc-9.2-arm32-eabi/arm-none-eabi/newlib/lib/thumb/v7e-m/nofp\libc.a(lib_a-init.o)
 .text          0x00000000        0x0 D:/DIPLOMADO_EMBEBIDOS/TAREAS/MODULO_2/S32 Design Studio/S32DS/build_tools/gcc_v9.2/gcc-9.2-arm32-eabi/arm-none-eabi/newlib/lib/thumb/v7e-m/nofp\libc.a(lib_a-memset.o)
 .data          0x00000000        0x0 D:/DIPLOMADO_EMBEBIDOS/TAREAS/MODULO_2/S32 Design Studio/S32DS/build_tools/gcc_v9.2/gcc-9.2-arm32-eabi/arm-none-eabi/newlib/lib/thumb/v7e-m/nofp\libc.a(lib_a-memset.o)
 .bss           0x00000000        0x0 D:/DIPLOMADO_EMBEBIDOS/TAREAS/MODULO_2/S32 Design Studio/S32DS/build_tools/gcc_v9.2/gcc-9.2-arm32-eabi/arm-none-eabi/newlib/lib/thumb/v7e-m/nofp\libc.a(lib_a-memset.o)
 .text          0x00000000        0x0 D:/DIPLOMADO_EMBEBIDOS/TAREAS/MODULO_2/S32 Design Studio/S32DS/build_tools/gcc_v9.2/gcc-9.2-arm32-eabi/arm-none-eabi/newlib/lib/thumb/v7e-m/nofp\libc.a(lib_a-__call_atexit.o)
 .data          0x00000000        0x0 D:/DIPLOMADO_EMBEBIDOS/TAREAS/MODULO_2/S32 Design Studio/S32DS/build_tools/gcc_v9.2/gcc-9.2-arm32-eabi/arm-none-eabi/newlib/lib/thumb/v7e-m/nofp\libc.a(lib_a-__call_atexit.o)
 .bss           0x00000000        0x0 D:/DIPLOMADO_EMBEBIDOS/TAREAS/MODULO_2/S32 Design Studio/S32DS/build_tools/gcc_v9.2/gcc-9.2-arm32-eabi/arm-none-eabi/newlib/lib/thumb/v7e-m/nofp\libc.a(lib_a-__call_atexit.o)
 .text          0x00000000        0x0 D:/DIPLOMADO_EMBEBIDOS/TAREAS/MODULO_2/S32 Design Studio/S32DS/build_tools/gcc_v9.2/gcc-9.2-arm32-eabi/arm-none-eabi/newlib/lib/thumb/v7e-m/nofp\libc.a(lib_a-fini.o)
 .data          0x00000000        0x0 D:/DIPLOMADO_EMBEBIDOS/TAREAS/MODULO_2/S32 Design Studio/S32DS/build_tools/gcc_v9.2/gcc-9.2-arm32-eabi/arm-none-eabi/newlib/lib/thumb/v7e-m/nofp\libc.a(lib_a-fini.o)
 .bss           0x00000000        0x0 D:/DIPLOMADO_EMBEBIDOS/TAREAS/MODULO_2/S32 Design Studio/S32DS/build_tools/gcc_v9.2/gcc-9.2-arm32-eabi/arm-none-eabi/newlib/lib/thumb/v7e-m/nofp\libc.a(lib_a-fini.o)
 .text          0x00000000        0x0 D:/DIPLOMADO_EMBEBIDOS/TAREAS/MODULO_2/S32 Design Studio/S32DS/build_tools/gcc_v9.2/gcc-9.2-arm32-eabi/arm-none-eabi/newlib/lib/thumb/v7e-m/nofp\libc.a(lib_a-atexit.o)
 .data          0x00000000        0x0 D:/DIPLOMADO_EMBEBIDOS/TAREAS/MODULO_2/S32 Design Studio/S32DS/build_tools/gcc_v9.2/gcc-9.2-arm32-eabi/arm-none-eabi/newlib/lib/thumb/v7e-m/nofp\libc.a(lib_a-atexit.o)
 .bss           0x00000000        0x0 D:/DIPLOMADO_EMBEBIDOS/TAREAS/MODULO_2/S32 Design Studio/S32DS/build_tools/gcc_v9.2/gcc-9.2-arm32-eabi/arm-none-eabi/newlib/lib/thumb/v7e-m/nofp\libc.a(lib_a-atexit.o)
 .text          0x00000000        0x0 D:/DIPLOMADO_EMBEBIDOS/TAREAS/MODULO_2/S32 Design Studio/S32DS/build_tools/gcc_v9.2/gcc-9.2-arm32-eabi/arm-none-eabi/newlib/lib/thumb/v7e-m/nofp\libc.a(lib_a-__atexit.o)
 .data          0x00000000        0x0 D:/DIPLOMADO_EMBEBIDOS/TAREAS/MODULO_2/S32 Design Studio/S32DS/build_tools/gcc_v9.2/gcc-9.2-arm32-eabi/arm-none-eabi/newlib/lib/thumb/v7e-m/nofp\libc.a(lib_a-__atexit.o)
 .bss           0x00000000        0x0 D:/DIPLOMADO_EMBEBIDOS/TAREAS/MODULO_2/S32 Design Studio/S32DS/build_tools/gcc_v9.2/gcc-9.2-arm32-eabi/arm-none-eabi/newlib/lib/thumb/v7e-m/nofp\libc.a(lib_a-__atexit.o)
 .text          0x00000000        0x0 D:/DIPLOMADO_EMBEBIDOS/TAREAS/MODULO_2/S32 Design Studio/S32DS/build_tools/gcc_v9.2/gcc-9.2-arm32-eabi/arm-none-eabi/newlib/lib/thumb/v7e-m/nofp\libnosys.a(_exit.o)
 .data          0x00000000        0x0 D:/DIPLOMADO_EMBEBIDOS/TAREAS/MODULO_2/S32 Design Studio/S32DS/build_tools/gcc_v9.2/gcc-9.2-arm32-eabi/arm-none-eabi/newlib/lib/thumb/v7e-m/nofp\libnosys.a(_exit.o)
 .bss           0x00000000        0x0 D:/DIPLOMADO_EMBEBIDOS/TAREAS/MODULO_2/S32 Design Studio/S32DS/build_tools/gcc_v9.2/gcc-9.2-arm32-eabi/arm-none-eabi/newlib/lib/thumb/v7e-m/nofp\libnosys.a(_exit.o)
 .text          0x00000000        0x0 d:/diplomado_embebidos/tareas/modulo_2/s32 design studio/s32ds/build_tools/gcc_v9.2/gcc-9.2-arm32-eabi/bin/../lib/gcc/arm-none-eabi/9.2.0/thumb/v7e-m/nofp/crtend.o
 .data          0x00000000        0x0 d:/diplomado_embebidos/tareas/modulo_2/s32 design studio/s32ds/build_tools/gcc_v9.2/gcc-9.2-arm32-eabi/bin/../lib/gcc/arm-none-eabi/9.2.0/thumb/v7e-m/nofp/crtend.o
 .bss           0x00000000        0x0 d:/diplomado_embebidos/tareas/modulo_2/s32 design studio/s32ds/build_tools/gcc_v9.2/gcc-9.2-arm32-eabi/bin/../lib/gcc/arm-none-eabi/9.2.0/thumb/v7e-m/nofp/crtend.o
 .eh_frame      0x00000000        0x4 d:/diplomado_embebidos/tareas/modulo_2/s32 design studio/s32ds/build_tools/gcc_v9.2/gcc-9.2-arm32-eabi/bin/../lib/gcc/arm-none-eabi/9.2.0/thumb/v7e-m/nofp/crtend.o
 .text          0x00000000        0x0 d:/diplomado_embebidos/tareas/modulo_2/s32 design studio/s32ds/build_tools/gcc_v9.2/gcc-9.2-arm32-eabi/bin/../lib/gcc/arm-none-eabi/9.2.0/thumb/v7e-m/nofp/crtn.o
 .data          0x00000000        0x0 d:/diplomado_embebidos/tareas/modulo_2/s32 design studio/s32ds/build_tools/gcc_v9.2/gcc-9.2-arm32-eabi/bin/../lib/gcc/arm-none-eabi/9.2.0/thumb/v7e-m/nofp/crtn.o
 .bss           0x00000000        0x0 d:/diplomado_embebidos/tareas/modulo_2/s32 design studio/s32ds/build_tools/gcc_v9.2/gcc-9.2-arm32-eabi/bin/../lib/gcc/arm-none-eabi/9.2.0/thumb/v7e-m/nofp/crtn.o

Memory Configuration

Name             Origin             Length             Attributes
m_interrupts     0x00000000         0x00000400         xr
m_flash_config   0x00000400         0x00000010         xr
m_text           0x00000410         0x0007fbf0         xr
m_data           0x1fff8000         0x00008000         rw
m_data_2         0x20000000         0x00007000         rw
*default*        0x00000000         0xffffffff

Linker script and memory map

LOAD d:/diplomado_embebidos/tareas/modulo_2/s32 design studio/s32ds/build_tools/gcc_v9.2/gcc-9.2-arm32-eabi/bin/../lib/gcc/arm-none-eabi/9.2.0/thumb/v7e-m/nofp/crti.o
LOAD d:/diplomado_embebidos/tareas/modulo_2/s32 design studio/s32ds/build_tools/gcc_v9.2/gcc-9.2-arm32-eabi/bin/../lib/gcc/arm-none-eabi/9.2.0/thumb/v7e-m/nofp/crtbegin.o
LOAD D:/DIPLOMADO_EMBEBIDOS/TAREAS/MODULO_2/S32 Design Studio/S32DS/build_tools/gcc_v9.2/gcc-9.2-arm32-eabi/arm-none-eabi/newlib/lib/thumb/v7e-m/nofp/crt0.o
LOAD ./Project_Settings/Startup_Code/startup.o
LOAD ./Project_Settings/Startup_Code/startup_S32K144.o
LOAD ./Project_Settings/Startup_Code/system_S32K144.o
LOAD ./src/main.o
START GROUP
LOAD d:/diplomado_embebidos/tareas/modulo_2/s32 design studio/s32ds/build_tools/gcc_v9.2/gcc-9.2-arm32-eabi/bin/../lib/gcc/arm-none-eabi/9.2.0/thumb/v7e-m/nofp\libgcc.a
LOAD D:/DIPLOMADO_EMBEBIDOS/TAREAS/MODULO_2/S32 Design Studio/S32DS/build_tools/gcc_v9.2/gcc-9.2-arm32-eabi/arm-none-eabi/newlib/lib/thumb/v7e-m/nofp\libc.a
END GROUP
START GROUP
LOAD d:/diplomado_embebidos/tareas/modulo_2/s32 design studio/s32ds/build_tools/gcc_v9.2/gcc-9.2-arm32-eabi/bin/../lib/gcc/arm-none-eabi/9.2.0/thumb/v7e-m/nofp\libgcc.a
LOAD D:/DIPLOMADO_EMBEBIDOS/TAREAS/MODULO_2/S32 Design Studio/S32DS/build_tools/gcc_v9.2/gcc-9.2-arm32-eabi/arm-none-eabi/newlib/lib/thumb/v7e-m/nofp\libc.a
LOAD D:/DIPLOMADO_EMBEBIDOS/TAREAS/MODULO_2/S32 Design Studio/S32DS/build_tools/gcc_v9.2/gcc-9.2-arm32-eabi/arm-none-eabi/newlib/lib/thumb/v7e-m/nofp\libnosys.a
END GROUP
LOAD d:/diplomado_embebidos/tareas/modulo_2/s32 design studio/s32ds/build_tools/gcc_v9.2/gcc-9.2-arm32-eabi/bin/../lib/gcc/arm-none-eabi/9.2.0/thumb/v7e-m/nofp/crtend.o
LOAD d:/diplomado_embebidos/tareas/modulo_2/s32 design studio/s32ds/build_tools/gcc_v9.2/gcc-9.2-arm32-eabi/bin/../lib/gcc/arm-none-eabi/9.2.0/thumb/v7e-m/nofp/crtn.o
                0x00000400                HEAP_SIZE = DEFINED (__heap_size__)?__heap_size__:0x400
                0x00000400                STACK_SIZE = DEFINED (__stack_size__)?__stack_size__:0x400
                0x00000400                M_VECTOR_RAM_SIZE = DEFINED (__flash_vector_table__)?0x0:0x400

.interrupts     0x00000000      0x400
                0x00000000                __VECTOR_TABLE = .
                0x00000000                __interrupts_start__ = .
                0x00000000                . = ALIGN (0x4)
 *(.isr_vector)
 .isr_vector    0x00000000      0x400 ./Project_Settings/Startup_Code/startup_S32K144.o
                0x00000000                __isr_vector
                0x00000400                __interrupts_end__ = .
                0x00000400                . = ALIGN (0x4)

.flash_config   0x00000400       0x10
                0x00000400                . = ALIGN (0x4)
 *(.FlashConfig)
 .FlashConfig   0x00000400       0x10 ./Project_Settings/Startup_Code/startup_S32K144.o
                0x00000410                . = ALIGN (0x4)

.text           0x00000410      0x460
                0x00000410                . = ALIGN (0x4)
 *(.text)
 .text          0x00000410       0x88 d:/diplomado_embebidos/tareas/modulo_2/s32 design studio/s32ds/build_tools/gcc_v9.2/gcc-9.2-arm32-eabi/bin/../lib/gcc/arm-none-eabi/9.2.0/thumb/v7e-m/nofp/crtbegin.o
 .text          0x00000498       0x7c D:/DIPLOMADO_EMBEBIDOS/TAREAS/MODULO_2/S32 Design Studio/S32DS/build_tools/gcc_v9.2/gcc-9.2-arm32-eabi/arm-none-eabi/newlib/lib/thumb/v7e-m/nofp/crt0.o
                0x00000498                _stack_init
                0x000004a0                _start
                0x000004a0                _mainCRTStartup
 .text          0x00000514       0x6c ./Project_Settings/Startup_Code/startup_S32K144.o
                0x00000514                Reset_Handler
                0x0000057c                DebugMon_Handler
                0x0000057c                Reserved88_IRQHandler
                0x0000057c                CAN0_ORed_IRQHandler
                0x0000057c                HardFault_Handler
                0x0000057c                Reserved86_IRQHandler
                0x0000057c                Reserved103_IRQHandler
                0x0000057c                SysTick_Handler
                0x0000057c                FTM2_Ovf_Reload_IRQHandler
                0x0000057c                Reserved50_IRQHandler
                0x0000057c                FTFC_Fault_IRQHandler
                0x0000057c                FTM0_Ch6_Ch7_IRQHandler
                0x0000057c                Reserved114_IRQHandler
                0x0000057c                PendSV_Handler
                0x0000057c                NMI_Handler
                0x0000057c                Reserved89_IRQHandler
                0x0000057c                ERM_double_fault_IRQHandler
                0x0000057c                DMA2_IRQHandler
                0x0000057c                Reserved59_IRQHandler
                0x0000057c                LPIT0_Ch0_IRQHandler
                0x0000057c                Reserved99_IRQHandler
                0x0000057c                FTM3_Ch6_Ch7_IRQHandler
                0x0000057c                CAN2_ORed_0_15_MB_IRQHandler
                0x0000057c                LPIT0_Ch3_IRQHandler
                0x0000057c                Reserved92_IRQHandler
                0x0000057c                FTM0_Ch4_Ch5_IRQHandler
                0x0000057c                CAN1_Error_IRQHandler
                0x0000057c                FTM3_Ch0_Ch1_IRQHandler
                0x0000057c                SWI_IRQHandler
                0x0000057c                ADC0_IRQHandler
                0x0000057c                FTM2_Ch4_Ch5_IRQHandler
                0x0000057c                UsageFault_Handler
                0x0000057c                FTM0_Ovf_Reload_IRQHandler
                0x0000057c                DefaultISR
                0x0000057c                DMA9_IRQHandler
                0x0000057c                Reserved58_IRQHandler
                0x0000057c                CAN1_ORed_0_15_MB_IRQHandler
                0x0000057c                FTM1_Ch2_Ch3_IRQHandler
                0x0000057c                DMA14_IRQHandler
                0x0000057c                Reserved82_IRQHandler
                0x0000057c                CAN0_ORed_16_31_MB_IRQHandler
                0x0000057c                LPI2C0_Slave_IRQHandler
                0x0000057c                Reserved71_IRQHandler
                0x0000057c                PORTD_IRQHandler
                0x0000057c                Reserved69_IRQHandler
                0x0000057c                PORTB_IRQHandler
                0x0000057c                Reserved70_IRQHandler
                0x0000057c                ADC1_IRQHandler
                0x0000057c                FTM2_Ch2_Ch3_IRQHandler
                0x0000057c                Reserved53_IRQHandler
                0x0000057c                DMA5_IRQHandler
                0x0000057c                RTC_IRQHandler
                0x0000057c                PDB0_IRQHandler
                0x0000057c                Reserved54_IRQHandler
                0x0000057c                FTM2_Ch6_Ch7_IRQHandler
                0x0000057c                FTM3_Ch2_Ch3_IRQHandler
                0x0000057c                FTM2_Ch0_Ch1_IRQHandler
                0x0000057c                LPSPI1_IRQHandler
                0x0000057c                LPUART1_RxTx_IRQHandler
                0x0000057c                RTC_Seconds_IRQHandler
                0x0000057c                CAN2_ORed_IRQHandler
                0x0000057c                Reserved72_IRQHandler
                0x0000057c                Reserved110_IRQHandler
                0x0000057c                DMA11_IRQHandler
                0x0000057c                Reserved107_IRQHandler
                0x0000057c                Read_Collision_IRQHandler
                0x0000057c                CAN2_Error_IRQHandler
                0x0000057c                FTFC_IRQHandler
                0x0000057c                DMA7_IRQHandler
                0x0000057c                FTM1_Ch6_Ch7_IRQHandler
                0x0000057c                Reserved105_IRQHandler
                0x0000057c                LPIT0_Ch1_IRQHandler
                0x0000057c                FTM1_Ch4_Ch5_IRQHandler
                0x0000057c                FTM3_Ovf_Reload_IRQHandler
                0x0000057c                LPUART2_RxTx_IRQHandler
                0x0000057c                LPSPI0_IRQHandler
                0x0000057c                WDOG_EWM_IRQHandler
                0x0000057c                MemManage_Handler
                0x0000057c                Reserved90_IRQHandler
                0x0000057c                Reserved83_IRQHandler
                0x0000057c                FTM0_Fault_IRQHandler
                0x0000057c                Reserved48_IRQHandler
                0x0000057c                SVC_Handler
                0x0000057c                ERM_single_fault_IRQHandler
                0x0000057c                FTM2_Fault_IRQHandler
                0x0000057c                FTM0_Ch2_Ch3_IRQHandler
                0x0000057c                DMA13_IRQHandler
                0x0000057c                FTM0_Ch0_Ch1_IRQHandler
                0x0000057c                FTM3_Fault_IRQHandler
                0x0000057c                RCM_IRQHandler
                0x0000057c                DMA3_IRQHandler
                0x0000057c                Reserved100_IRQHandler
                0x0000057c                DMA0_IRQHandler
                0x0000057c                Reserved91_IRQHandler
                0x0000057c                CAN1_ORed_IRQHandler
                0x0000057c                DMA15_IRQHandler
                0x0000057c                SCG_IRQHandler
                0x0000057c                PDB1_IRQHandler
                0x0000057c                Reserved81_IRQHandler
                0x0000057c                Reserved46_IRQHandler
                0x0000057c                Reserved45_IRQHandler
                0x0000057c                CAN0_Error_IRQHandler
                0x0000057c                Reserved112_IRQHandler
                0x0000057c                LPI2C0_Master_IRQHandler
                0x0000057c                DMA4_IRQHandler
                0x0000057c                FTM1_Fault_IRQHandler
                0x0000057c                Reserved106_IRQHandler
                0x0000057c                DMA_Error_IRQHandler
                0x0000057c                LVD_LVW_IRQHandler
                0x0000057c                LPIT0_Ch2_IRQHandler
                0x0000057c                PORTA_IRQHandler
                0x0000057c                MCM_IRQHandler
                0x0000057c                LPSPI2_IRQHandler
                0x0000057c                DMA12_IRQHandler
                0x0000057c                FTM3_Ch4_Ch5_IRQHandler
                0x0000057c                CAN0_ORed_0_15_MB_IRQHandler
                0x0000057c                PORTE_IRQHandler
                0x0000057c                LPUART0_RxTx_IRQHandler
                0x0000057c                LPTMR0_IRQHandler
                0x0000057c                BusFault_Handler
                0x0000057c                Reserved87_IRQHandler
                0x0000057c                FTM1_Ovf_Reload_IRQHandler
                0x0000057c                DMA8_IRQHandler
                0x0000057c                Reserved93_IRQHandler
                0x0000057c                DMA10_IRQHandler
                0x0000057c                CAN0_Wake_Up_IRQHandler
                0x0000057c                CMP0_IRQHandler
                0x0000057c                Reserved52_IRQHandler
                0x0000057c                PORTC_IRQHandler
                0x0000057c                DMA6_IRQHandler
                0x0000057c                FTM1_Ch0_Ch1_IRQHandler
                0x0000057c                FLEXIO_IRQHandler
                0x0000057c                DMA1_IRQHandler
                0x0000057c                Reserved113_IRQHandler
 *(.text*)
 .text.init_data_bss
                0x00000580       0xb0 ./Project_Settings/Startup_Code/startup.o
                0x00000580                init_data_bss
 .text.SystemInit
                0x00000630       0x20 ./Project_Settings/Startup_Code/system_S32K144.o
                0x00000630                SystemInit
 .text.startup.main
                0x00000650       0x3c ./src/main.o
                0x00000650                main
 .text.exit     0x0000068c       0x20 D:/DIPLOMADO_EMBEBIDOS/TAREAS/MODULO_2/S32 Design Studio/S32DS/build_tools/gcc_v9.2/gcc-9.2-arm32-eabi/arm-none-eabi/newlib/lib/thumb/v7e-m/nofp\libc.a(lib_a-exit.o)
                0x0000068c                exit
 .text.__libc_init_array
                0x000006ac       0x48 D:/DIPLOMADO_EMBEBIDOS/TAREAS/MODULO_2/S32 Design Studio/S32DS/build_tools/gcc_v9.2/gcc-9.2-arm32-eabi/arm-none-eabi/newlib/lib/thumb/v7e-m/nofp\libc.a(lib_a-init.o)
                0x000006ac                __libc_init_array
 .text.memset   0x000006f4       0x10 D:/DIPLOMADO_EMBEBIDOS/TAREAS/MODULO_2/S32 Design Studio/S32DS/build_tools/gcc_v9.2/gcc-9.2-arm32-eabi/arm-none-eabi/newlib/lib/thumb/v7e-m/nofp\libc.a(lib_a-memset.o)
                0x000006f4                memset
 .text.startup.register_fini
                0x00000704       0x14 D:/DIPLOMADO_EMBEBIDOS/TAREAS/MODULO_2/S32 Design Studio/S32DS/build_tools/gcc_v9.2/gcc-9.2-arm32-eabi/arm-none-eabi/newlib/lib/thumb/v7e-m/nofp\libc.a(lib_a-__call_atexit.o)
 .text.__call_exitprocs
                0x00000718       0xa0 D:/DIPLOMADO_EMBEBIDOS/TAREAS/MODULO_2/S32 Design Studio/S32DS/build_tools/gcc_v9.2/gcc-9.2-arm32-eabi/arm-none-eabi/newlib/lib/thumb/v7e-m/nofp\libc.a(lib_a-__call_atexit.o)
                0x00000718                __call_exitprocs
 .text.__libc_fini_array
                0x000007b8       0x28 D:/DIPLOMADO_EMBEBIDOS/TAREAS/MODULO_2/S32 Design Studio/S32DS/build_tools/gcc_v9.2/gcc-9.2-arm32-eabi/arm-none-eabi/newlib/lib/thumb/v7e-m/nofp\libc.a(lib_a-fini.o)
                0x000007b8                __libc_fini_array
 .text.atexit   0x000007e0        0xc D:/DIPLOMADO_EMBEBIDOS/TAREAS/MODULO_2/S32 Design Studio/S32DS/build_tools/gcc_v9.2/gcc-9.2-arm32-eabi/arm-none-eabi/newlib/lib/thumb/v7e-m/nofp\libc.a(lib_a-atexit.o)
                0x000007e0                atexit
 .text.__register_exitproc
                0x000007ec       0x64 D:/DIPLOMADO_EMBEBIDOS/TAREAS/MODULO_2/S32 Design Studio/S32DS/build_tools/gcc_v9.2/gcc-9.2-arm32-eabi/arm-none-eabi/newlib/lib/thumb/v7e-m/nofp\libc.a(lib_a-__atexit.o)
                0x000007ec                __register_exitproc
 .text._exit    0x00000850        0x2 D:/DIPLOMADO_EMBEBIDOS/TAREAS/MODULO_2/S32 Design Studio/S32DS/build_tools/gcc_v9.2/gcc-9.2-arm32-eabi/arm-none-eabi/newlib/lib/thumb/v7e-m/nofp\libnosys.a(_exit.o)
                0x00000850                _exit
 *(.rodata)
 *(.rodata*)
 *fill*         0x00000852        0x2 
 .rodata._global_impure_ptr
                0x00000854        0x4 D:/DIPLOMADO_EMBEBIDOS/TAREAS/MODULO_2/S32 Design Studio/S32DS/build_tools/gcc_v9.2/gcc-9.2-arm32-eabi/arm-none-eabi/newlib/lib/thumb/v7e-m/nofp\libc.a(lib_a-impure.o)
                0x00000854                _global_impure_ptr
 *(.glue_7)
 .glue_7        0x00000858        0x0 linker stubs
 *(.glue_7t)
 .glue_7t       0x00000858        0x0 linker stubs
 *(.eh_frame)
 .eh_frame      0x00000858        0x0 d:/diplomado_embebidos/tareas/modulo_2/s32 design studio/s32ds/build_tools/gcc_v9.2/gcc-9.2-arm32-eabi/bin/../lib/gcc/arm-none-eabi/9.2.0/thumb/v7e-m/nofp/crtbegin.o
 *(.init)
 .init          0x00000858        0x4 d:/diplomado_embebidos/tareas/modulo_2/s32 design studio/s32ds/build_tools/gcc_v9.2/gcc-9.2-arm32-eabi/bin/../lib/gcc/arm-none-eabi/9.2.0/thumb/v7e-m/nofp/crti.o
                0x00000858                _init
 .init          0x0000085c        0x8 d:/diplomado_embebidos/tareas/modulo_2/s32 design studio/s32ds/build_tools/gcc_v9.2/gcc-9.2-arm32-eabi/bin/../lib/gcc/arm-none-eabi/9.2.0/thumb/v7e-m/nofp/crtn.o
 *(.fini)
 .fini          0x00000864        0x4 d:/diplomado_embebidos/tareas/modulo_2/s32 design studio/s32ds/build_tools/gcc_v9.2/gcc-9.2-arm32-eabi/bin/../lib/gcc/arm-none-eabi/9.2.0/thumb/v7e-m/nofp/crti.o
                0x00000864                _fini
 .fini          0x00000868        0x8 d:/diplomado_embebidos/tareas/modulo_2/s32 design studio/s32ds/build_tools/gcc_v9.2/gcc-9.2-arm32-eabi/bin/../lib/gcc/arm-none-eabi/9.2.0/thumb/v7e-m/nofp/crtn.o
                0x00000870                . = ALIGN (0x4)

.vfp11_veneer   0x00000870        0x0
 .vfp11_veneer  0x00000870        0x0 linker stubs

.v4_bx          0x00000870        0x0
 .v4_bx         0x00000870        0x0 linker stubs

.iplt           0x00000870        0x0
 .iplt          0x00000870        0x0 d:/diplomado_embebidos/tareas/modulo_2/s32 design studio/s32ds/build_tools/gcc_v9.2/gcc-9.2-arm32-eabi/bin/../lib/gcc/arm-none-eabi/9.2.0/thumb/v7e-m/nofp/crtbegin.o

.ARM.extab
 *(.ARM.extab* .gnu.linkonce.armextab.*)

.ARM            0x00000870        0x8
                0x00000870                __exidx_start = .
 *(.ARM.exidx*)
 .ARM.exidx     0x00000870        0x8 D:/DIPLOMADO_EMBEBIDOS/TAREAS/MODULO_2/S32 Design Studio/S32DS/build_tools/gcc_v9.2/gcc-9.2-arm32-eabi/arm-none-eabi/newlib/lib/thumb/v7e-m/nofp/crt0.o
                                 0x10 (size before relaxing)
                0x00000878                __exidx_end = .

.rel.dyn        0x00000878        0x0
 .rel.iplt      0x00000878        0x0 d:/diplomado_embebidos/tareas/modulo_2/s32 design studio/s32ds/build_tools/gcc_v9.2/gcc-9.2-arm32-eabi/bin/../lib/gcc/arm-none-eabi/9.2.0/thumb/v7e-m/nofp/crtbegin.o

.ctors          0x00000878        0x0
                0x00000878                __CTOR_LIST__ = .
 *crtbegin.o(.ctors)
 *crtbegin?.o(.ctors)
 *(EXCLUDE_FILE(*crtend.o *crtend?.o) .ctors)
 *(SORT_BY_NAME(.ctors.*))
 *(.ctors)
                0x00000878                __CTOR_END__ = .

.dtors          0x00000878        0x0
                0x00000878                __DTOR_LIST__ = .
 *crtbegin.o(.dtors)
 *crtbegin?.o(.dtors)
 *(EXCLUDE_FILE(*crtend.o *crtend?.o) .dtors)
 *(SORT_BY_NAME(.dtors.*))
 *(.dtors)
                0x00000878                __DTOR_END__ = .

.preinit_array  0x00000878        0x0
                0x00000878                PROVIDE (__preinit_array_start = .)
 *(.preinit_array*)
                0x00000878                PROVIDE (__preinit_array_end = .)

.init_array     0x00000878        0x8
                0x00000878                PROVIDE (__init_array_start = .)
 *(SORT_BY_NAME(.init_array.*))
 .init_array.00000
                0x00000878        0x4 D:/DIPLOMADO_EMBEBIDOS/TAREAS/MODULO_2/S32 Design Studio/S32DS/build_tools/gcc_v9.2/gcc-9.2-arm32-eabi/arm-none-eabi/newlib/lib/thumb/v7e-m/nofp\libc.a(lib_a-__call_atexit.o)
 *(.init_array*)
 .init_array    0x0000087c        0x4 d:/diplomado_embebidos/tareas/modulo_2/s32 design studio/s32ds/build_tools/gcc_v9.2/gcc-9.2-arm32-eabi/bin/../lib/gcc/arm-none-eabi/9.2.0/thumb/v7e-m/nofp/crtbegin.o
                0x00000880                PROVIDE (__init_array_end = .)

.fini_array     0x00000880        0x4
                0x00000880                PROVIDE (__fini_array_start = .)
 *(SORT_BY_NAME(.fini_array.*))
 *(.fini_array*)
 .fini_array    0x00000880        0x4 d:/diplomado_embebidos/tareas/modulo_2/s32 design studio/s32ds/build_tools/gcc_v9.2/gcc-9.2-arm32-eabi/bin/../lib/gcc/arm-none-eabi/9.2.0/thumb/v7e-m/nofp/crtbegin.o
                0x00000884                PROVIDE (__fini_array_end = .)
                0x00000884                __etext = .
                0x00000884                __DATA_ROM = .

.interrupts_ram
                0x1fff8000      0x400
                0x1fff8000                . = ALIGN (0x4)
                0x1fff8000                __VECTOR_RAM__ = .
                0x1fff8000                __RAM_START = .
                0x1fff8000                __interrupts_ram_start__ = .
 *(.m_interrupts_ram)
                0x1fff8400                . = (. + M_VECTOR_RAM_SIZE)
 *fill*         0x1fff8000      0x400 
                0x1fff8400                . = ALIGN (0x4)
                0x1fff8400                __interrupts_ram_end__ = .
                0x1fff8000                __VECTOR_RAM = DEFINED (__flash_vector_table__)?ORIGIN (m_interrupts):__VECTOR_RAM__
                0x00000400                __RAM_VECTOR_TABLE_SIZE = DEFINED (__flash_vector_table__)?0x0:(__interrupts_ram_end__ - __interrupts_ram_start__)

.data           0x1fff8400      0x418 load address 0x00000884
                0x1fff8400                . = ALIGN (0x4)
                0x1fff8400                __DATA_RAM = .
                0x1fff8400                __data_start__ = .
 *(.data)
 *(.data*)
 .data.impure_data
                0x1fff8400      0x418 D:/DIPLOMADO_EMBEBIDOS/TAREAS/MODULO_2/S32 Design Studio/S32DS/build_tools/gcc_v9.2/gcc-9.2-arm32-eabi/arm-none-eabi/newlib/lib/thumb/v7e-m/nofp\libc.a(lib_a-impure.o)
 *(.jcr*)
                0x1fff8818                . = ALIGN (0x4)
                0x1fff8818                __data_end__ = .
                0x00000c9c                __DATA_END = (__DATA_ROM + (__data_end__ - __data_start__))
                0x00000c9c                __CODE_ROM = __DATA_END

.tm_clone_table
                0x1fff8818        0x0 load address 0x00000c9c
 .tm_clone_table
                0x1fff8818        0x0 d:/diplomado_embebidos/tareas/modulo_2/s32 design studio/s32ds/build_tools/gcc_v9.2/gcc-9.2-arm32-eabi/bin/../lib/gcc/arm-none-eabi/9.2.0/thumb/v7e-m/nofp/crtbegin.o
 .tm_clone_table
                0x1fff8818        0x0 d:/diplomado_embebidos/tareas/modulo_2/s32 design studio/s32ds/build_tools/gcc_v9.2/gcc-9.2-arm32-eabi/bin/../lib/gcc/arm-none-eabi/9.2.0/thumb/v7e-m/nofp/crtend.o

.igot.plt       0x1fff8818        0x0 load address 0x00000c9c
 .igot.plt      0x1fff8818        0x0 d:/diplomado_embebidos/tareas/modulo_2/s32 design studio/s32ds/build_tools/gcc_v9.2/gcc-9.2-arm32-eabi/bin/../lib/gcc/arm-none-eabi/9.2.0/thumb/v7e-m/nofp/crtbegin.o

.code           0x1fff8818        0x0 load address 0x00000c9c
                0x1fff8818                . = ALIGN (0x4)
                0x1fff8818                __CODE_RAM = .
                0x1fff8818                __code_start__ = .
                0x1fff8818                __code_ram_start__ = .
 *(.code_ram)
                0x1fff8818                . = ALIGN (0x4)
                0x1fff8818                __code_end__ = .
                0x1fff8818                __code_ram_end__ = .
                0x00000c9c                __CODE_END = (__CODE_ROM + (__code_end__ - __code_start__))
                0x00000c9c                __CUSTOM_ROM = __CODE_END

.customSectionBlock
                0x20000000        0x0 load address 0x00000c9c
                0x20000000                __customSection_start__ = .
 *(.customSection)
                0x20000000                __customSection_end__ = .
                0x00000c9c                __CUSTOM_END = (__CUSTOM_ROM + (__customSection_end__ - __customSection_start__))

.bss            0x20000000       0x1c
                0x20000000                . = ALIGN (0x4)
                0x20000000                __BSS_START = .
                0x20000000                __bss_start__ = .
 *(.bss)
 .bss           0x20000000       0x1c d:/diplomado_embebidos/tareas/modulo_2/s32 design studio/s32ds/build_tools/gcc_v9.2/gcc-9.2-arm32-eabi/bin/../lib/gcc/arm-none-eabi/9.2.0/thumb/v7e-m/nofp/crtbegin.o
 *(.bss*)
 *(COMMON)
                0x2000001c                . = ALIGN (0x4)
                0x2000001c                __bss_end__ = .
                0x2000001c                __BSS_END = .

.heap           0x2000001c      0x404
                0x20000020                . = ALIGN (0x8)
 *fill*         0x2000001c        0x4 
                0x20000020                __end__ = .
                0x20000020                __heap_start__ = .
                [!provide]                PROVIDE (end = .)
                [!provide]                PROVIDE (_end = .)
                [!provide]                PROVIDE (__end = .)
                0x20000020                __HeapBase = .
                0x20000420                . = (. + HEAP_SIZE)
 *fill*         0x20000020      0x400 
                0x20000420                __HeapLimit = .
                0x20000420                __heap_limit = .
                0x20000420                __heap_end__ = .
                0x20007000                __StackTop = (ORIGIN (m_data_2) + LENGTH (m_data_2))
                0x20006c00                __StackLimit = (__StackTop - STACK_SIZE)
                0x20007000                PROVIDE (__stack = __StackTop)
                0x20007000                __RAM_END = __StackTop

.stack          0x20006c00      0x400
                0x20006c00                . = ALIGN (0x8)
                0x20006c00                __stack_start__ = .
                0x20007000                . = (. + STACK_SIZE)
 *fill*         0x20006c00      0x400 
                0x20007000                __stack_end__ = .
                0x20000000                __START_BSS = __BSS_START
                0x2000001c                __END_BSS = __BSS_END
                0x20007000                __SP_INIT = __StackTop

.ARM.attributes
                0x00000000       0x2a
 *(.ARM.attributes)
 .ARM.attributes
                0x00000000       0x1e d:/diplomado_embebidos/tareas/modulo_2/s32 design studio/s32ds/build_tools/gcc_v9.2/gcc-9.2-arm32-eabi/bin/../lib/gcc/arm-none-eabi/9.2.0/thumb/v7e-m/nofp/crti.o
 .ARM.attributes
                0x0000001e       0x2e d:/diplomado_embebidos/tareas/modulo_2/s32 design studio/s32ds/build_tools/gcc_v9.2/gcc-9.2-arm32-eabi/bin/../lib/gcc/arm-none-eabi/9.2.0/thumb/v7e-m/nofp/crtbegin.o
 .ARM.attributes
                0x0000004c       0x1c D:/DIPLOMADO_EMBEBIDOS/TAREAS/MODULO_2/S32 Design Studio/S32DS/build_tools/gcc_v9.2/gcc-9.2-arm32-eabi/arm-none-eabi/newlib/lib/thumb/v7e-m/nofp/crt0.o
 .ARM.attributes
                0x00000068       0x2e ./Project_Settings/Startup_Code/startup.o
 .ARM.attributes
                0x00000096       0x1b ./Project_Settings/Startup_Code/startup_S32K144.o
 .ARM.attributes
                0x000000b1       0x2e ./Project_Settings/Startup_Code/system_S32K144.o
 .ARM.attributes
                0x000000df       0x2e ./src/main.o
 .ARM.attributes
                0x0000010d       0x2e D:/DIPLOMADO_EMBEBIDOS/TAREAS/MODULO_2/S32 Design Studio/S32DS/build_tools/gcc_v9.2/gcc-9.2-arm32-eabi/arm-none-eabi/newlib/lib/thumb/v7e-m/nofp\libc.a(lib_a-exit.o)
 .ARM.attributes
                0x0000013b       0x2e D:/DIPLOMADO_EMBEBIDOS/TAREAS/MODULO_2/S32 Design Studio/S32DS/build_tools/gcc_v9.2/gcc-9.2-arm32-eabi/arm-none-eabi/newlib/lib/thumb/v7e-m/nofp\libc.a(lib_a-impure.o)
 .ARM.attributes
                0x00000169       0x2e D:/DIPLOMADO_EMBEBIDOS/TAREAS/MODULO_2/S32 Design Studio/S32DS/build_tools/gcc_v9.2/gcc-9.2-arm32-eabi/arm-none-eabi/newlib/lib/thumb/v7e-m/nofp\libc.a(lib_a-init.o)
 .ARM.attributes
                0x00000197       0x2e D:/DIPLOMADO_EMBEBIDOS/TAREAS/MODULO_2/S32 Design Studio/S32DS/build_tools/gcc_v9.2/gcc-9.2-arm32-eabi/arm-none-eabi/newlib/lib/thumb/v7e-m/nofp\libc.a(lib_a-memset.o)
 .ARM.attributes
                0x000001c5       0x2e D:/DIPLOMADO_EMBEBIDOS/TAREAS/MODULO_2/S32 Design Studio/S32DS/build_tools/gcc_v9.2/gcc-9.2-arm32-eabi/arm-none-eabi/newlib/lib/thumb/v7e-m/nofp\libc.a(lib_a-__call_atexit.o)
 .ARM.attributes
                0x000001f3       0x2e D:/DIPLOMADO_EMBEBIDOS/TAREAS/MODULO_2/S32 Design Studio/S32DS/build_tools/gcc_v9.2/gcc-9.2-arm32-eabi/arm-none-eabi/newlib/lib/thumb/v7e-m/nofp\libc.a(lib_a-fini.o)
 .ARM.attributes
                0x00000221       0x2e D:/DIPLOMADO_EMBEBIDOS/TAREAS/MODULO_2/S32 Design Studio/S32DS/build_tools/gcc_v9.2/gcc-9.2-arm32-eabi/arm-none-eabi/newlib/lib/thumb/v7e-m/nofp\libc.a(lib_a-atexit.o)
 .ARM.attributes
                0x0000024f       0x2e D:/DIPLOMADO_EMBEBIDOS/TAREAS/MODULO_2/S32 Design Studio/S32DS/build_tools/gcc_v9.2/gcc-9.2-arm32-eabi/arm-none-eabi/newlib/lib/thumb/v7e-m/nofp\libc.a(lib_a-__atexit.o)
 .ARM.attributes
                0x0000027d       0x2e D:/DIPLOMADO_EMBEBIDOS/TAREAS/MODULO_2/S32 Design Studio/S32DS/build_tools/gcc_v9.2/gcc-9.2-arm32-eabi/arm-none-eabi/newlib/lib/thumb/v7e-m/nofp\libnosys.a(_exit.o)
 .ARM.attributes
                0x000002ab       0x2e d:/diplomado_embebidos/tareas/modulo_2/s32 design studio/s32ds/build_tools/gcc_v9.2/gcc-9.2-arm32-eabi/bin/../lib/gcc/arm-none-eabi/9.2.0/thumb/v7e-m/nofp/crtend.o
 .ARM.attributes
                0x000002d9       0x1e d:/diplomado_embebidos/tareas/modulo_2/s32 design studio/s32ds/build_tools/gcc_v9.2/gcc-9.2-arm32-eabi/bin/../lib/gcc/arm-none-eabi/9.2.0/thumb/v7e-m/nofp/crtn.o
                0x00000001                ASSERT ((__StackLimit >= __HeapLimit), region m_data_2 overflowed with stack and heap)
OUTPUT(S32K144EVB_Practica_Modulo3_Unidad1.elf elf32-littlearm)

.comment        0x00000000       0x80
 .comment       0x00000000       0x80 d:/diplomado_embebidos/tareas/modulo_2/s32 design studio/s32ds/build_tools/gcc_v9.2/gcc-9.2-arm32-eabi/bin/../lib/gcc/arm-none-eabi/9.2.0/thumb/v7e-m/nofp/crtbegin.o
                                 0x81 (size before relaxing)
 .comment       0x00000080       0x81 ./Project_Settings/Startup_Code/startup.o
 .comment       0x00000080       0x81 ./Project_Settings/Startup_Code/system_S32K144.o
 .comment       0x00000080       0x81 ./src/main.o
 .comment       0x00000080       0x81 d:/diplomado_embebidos/tareas/modulo_2/s32 design studio/s32ds/build_tools/gcc_v9.2/gcc-9.2-arm32-eabi/bin/../lib/gcc/arm-none-eabi/9.2.0/thumb/v7e-m/nofp/crtend.o

.debug_info     0x00000000      0xb33
 .debug_info    0x00000000      0x2fb ./Project_Settings/Startup_Code/startup.o
 .debug_info    0x000002fb       0x26 ./Project_Settings/Startup_Code/startup_S32K144.o
 .debug_info    0x00000321      0x589 ./Project_Settings/Startup_Code/system_S32K144.o
 .debug_info    0x000008aa      0x289 ./src/main.o

.debug_abbrev   0x00000000      0x349
 .debug_abbrev  0x00000000       0xe8 ./Project_Settings/Startup_Code/startup.o
 .debug_abbrev  0x000000e8       0x14 ./Project_Settings/Startup_Code/startup_S32K144.o
 .debug_abbrev  0x000000fc      0x153 ./Project_Settings/Startup_Code/system_S32K144.o
 .debug_abbrev  0x0000024f       0xfa ./src/main.o

.debug_loc      0x00000000      0x339
 .debug_loc     0x00000000      0x1f8 ./Project_Settings/Startup_Code/startup.o
 .debug_loc     0x000001f8      0x141 ./Project_Settings/Startup_Code/system_S32K144.o

.debug_aranges  0x00000000       0x90
 .debug_aranges
                0x00000000       0x20 ./Project_Settings/Startup_Code/startup.o
 .debug_aranges
                0x00000020       0x20 ./Project_Settings/Startup_Code/startup_S32K144.o
 .debug_aranges
                0x00000040       0x30 ./Project_Settings/Startup_Code/system_S32K144.o
 .debug_aranges
                0x00000070       0x20 ./src/main.o

.debug_ranges   0x00000000       0x40
 .debug_ranges  0x00000000       0x10 ./Project_Settings/Startup_Code/startup.o
 .debug_ranges  0x00000010       0x20 ./Project_Settings/Startup_Code/system_S32K144.o
 .debug_ranges  0x00000030       0x10 ./src/main.o

.debug_macro    0x00000000    0x1f813
 .debug_macro   0x00000000       0xb5 ./Project_Settings/Startup_Code/startup.o
 .debug_macro   0x000000b5      0xaa8 ./Project_Settings/Startup_Code/startup.o
 .debug_macro   0x00000b5d       0x22 ./Project_Settings/Startup_Code/startup.o
 .debug_macro   0x00000b7f       0x8e ./Project_Settings/Startup_Code/startup.o
 .debug_macro   0x00000c0d       0x51 ./Project_Settings/Startup_Code/startup.o
 .debug_macro   0x00000c5e       0xef ./Project_Settings/Startup_Code/startup.o
 .debug_macro   0x00000d4d       0x6a ./Project_Settings/Startup_Code/startup.o
 .debug_macro   0x00000db7      0x1df ./Project_Settings/Startup_Code/startup.o
 .debug_macro   0x00000f96       0x10 ./Project_Settings/Startup_Code/startup.o
 .debug_macro   0x00000fa6       0x7a ./Project_Settings/Startup_Code/startup.o
 .debug_macro   0x00001020     0xed32 ./Project_Settings/Startup_Code/startup.o
 .debug_macro   0x0000fd52      0xbbe ./Project_Settings/Startup_Code/startup.o
 .debug_macro   0x00010910       0x22 ./Project_Settings/Startup_Code/startup.o
 .debug_macro   0x00010932       0x40 ./Project_Settings/Startup_Code/startup.o
 .debug_macro   0x00010972       0xb5 ./Project_Settings/Startup_Code/system_S32K144.o
 .debug_macro   0x00010a27       0x19 ./Project_Settings/Startup_Code/system_S32K144.o
 .debug_macro   0x00010a40     0xed1d ./Project_Settings/Startup_Code/system_S32K144.o
 .debug_macro   0x0001f75d       0x28 ./Project_Settings/Startup_Code/system_S32K144.o
 .debug_macro   0x0001f785       0x8e ./src/main.o

.debug_line     0x00000000      0xd31
 .debug_line    0x00000000      0x496 ./Project_Settings/Startup_Code/startup.o
 .debug_line    0x00000496       0x91 ./Project_Settings/Startup_Code/startup_S32K144.o
 .debug_line    0x00000527      0x4a0 ./Project_Settings/Startup_Code/system_S32K144.o
 .debug_line    0x000009c7      0x36a ./src/main.o

.debug_str      0x00000000    0x69530
 .debug_str     0x00000000    0x6915c ./Project_Settings/Startup_Code/startup.o
                              0x69384 (size before relaxing)
 .debug_str     0x0006915c       0x3f ./Project_Settings/Startup_Code/startup_S32K144.o
                                 0x8e (size before relaxing)
 .debug_str     0x0006919b      0x298 ./Project_Settings/Startup_Code/system_S32K144.o
                              0x69202 (size before relaxing)
 .debug_str     0x00069433       0xfd ./src/main.o
                              0x635f4 (size before relaxing)

.debug_frame    0x00000000      0x1fc
 .debug_frame   0x00000000       0x2c ./Project_Settings/Startup_Code/startup.o
 .debug_frame   0x0000002c       0x40 ./Project_Settings/Startup_Code/system_S32K144.o
 .debug_frame   0x0000006c       0x28 ./src/main.o
 .debug_frame   0x00000094       0x28 D:/DIPLOMADO_EMBEBIDOS/TAREAS/MODULO_2/S32 Design Studio/S32DS/build_tools/gcc_v9.2/gcc-9.2-arm32-eabi/arm-none-eabi/newlib/lib/thumb/v7e-m/nofp\libc.a(lib_a-exit.o)
 .debug_frame   0x000000bc       0x2c D:/DIPLOMADO_EMBEBIDOS/TAREAS/MODULO_2/S32 Design Studio/S32DS/build_tools/gcc_v9.2/gcc-9.2-arm32-eabi/arm-none-eabi/newlib/lib/thumb/v7e-m/nofp\libc.a(lib_a-init.o)
 .debug_frame   0x000000e8       0x20 D:/DIPLOMADO_EMBEBIDOS/TAREAS/MODULO_2/S32 Design Studio/S32DS/build_tools/gcc_v9.2/gcc-9.2-arm32-eabi/arm-none-eabi/newlib/lib/thumb/v7e-m/nofp\libc.a(lib_a-memset.o)
 .debug_frame   0x00000108       0x4c D:/DIPLOMADO_EMBEBIDOS/TAREAS/MODULO_2/S32 Design Studio/S32DS/build_tools/gcc_v9.2/gcc-9.2-arm32-eabi/arm-none-eabi/newlib/lib/thumb/v7e-m/nofp\libc.a(lib_a-__call_atexit.o)
 .debug_frame   0x00000154       0x38 D:/DIPLOMADO_EMBEBIDOS/TAREAS/MODULO_2/S32 Design Studio/S32DS/build_tools/gcc_v9.2/gcc-9.2-arm32-eabi/arm-none-eabi/newlib/lib/thumb/v7e-m/nofp\libc.a(lib_a-fini.o)
 .debug_frame   0x0000018c       0x20 D:/DIPLOMADO_EMBEBIDOS/TAREAS/MODULO_2/S32 Design Studio/S32DS/build_tools/gcc_v9.2/gcc-9.2-arm32-eabi/arm-none-eabi/newlib/lib/thumb/v7e-m/nofp\libc.a(lib_a-atexit.o)
 .debug_frame   0x000001ac       0x30 D:/DIPLOMADO_EMBEBIDOS/TAREAS/MODULO_2/S32 Design Studio/S32DS/build_tools/gcc_v9.2/gcc-9.2-arm32-eabi/arm-none-eabi/newlib/lib/thumb/v7e-m/nofp\libc.a(lib_a-__atexit.o)
 .debug_frame   0x000001dc       0x20 D:/DIPLOMADO_EMBEBIDOS/TAREAS/MODULO_2/S32 Design Studio/S32DS/build_tools/gcc_v9.2/gcc-9.2-arm32-eabi/arm-none-eabi/newlib/lib/thumb/v7e-m/nofp\libnosys.a(_exit.o)
